{
  "version": "1.5.0",
  "plugins_used": [
    {
      "name": "ArtifactoryDetector"
    },
    {
      "name": "AWSKeyDetector"
    },
    {
      "name": "AzureStorageKeyDetector"
    },
    {
      "name": "Base64HighEntropyString",
      "limit": 4.5
    },
    {
      "name": "BasicAuthDetector"
    },
    {
      "name": "CloudantDetector"
    },
    {
      "name": "DiscordBotTokenDetector"
    },
    {
      "name": "GitHubTokenDetector"
    },
    {
      "name": "GitLabTokenDetector"
    },
    {
      "name": "HexHighEntropyString",
      "limit": 3.0
    },
    {
      "name": "IbmCloudIamDetector"
    },
    {
      "name": "IbmCosHmacDetector"
    },
    {
      "name": "IPPublicDetector"
    },
    {
      "name": "JwtTokenDetector"
    },
    {
      "name": "KeywordDetector",
      "keyword_exclude": ""
    },
    {
      "name": "MailchimpDetector"
    },
    {
      "name": "NpmDetector"
    },
    {
      "name": "OpenAIDetector"
    },
    {
      "name": "PrivateKeyDetector"
    },
    {
      "name": "PypiTokenDetector"
    },
    {
      "name": "SendGridDetector"
    },
    {
      "name": "SlackDetector"
    },
    {
      "name": "SoftlayerDetector"
    },
    {
      "name": "SquareOAuthDetector"
    },
    {
      "name": "StripeDetector"
    },
    {
      "name": "TelegramBotTokenDetector"
    },
    {
      "name": "TwilioKeyDetector"
    }
  ],
  "filters_used": [
    {
      "path": "detect_secrets.filters.allowlist.is_line_allowlisted"
    },
    {
      "path": "detect_secrets.filters.common.is_baseline_file",
      "filename": ".secrets.baseline"
    },
    {
      "path": "detect_secrets.filters.common.is_ignored_due_to_verification_policies",
      "min_level": 2
    },
    {
      "path": "detect_secrets.filters.heuristic.is_indirect_reference"
    },
    {
      "path": "detect_secrets.filters.heuristic.is_likely_id_string"
    },
    {
      "path": "detect_secrets.filters.heuristic.is_lock_file"
    },
    {
      "path": "detect_secrets.filters.heuristic.is_not_alphanumeric_string"
    },
    {
      "path": "detect_secrets.filters.heuristic.is_potential_uuid"
    },
    {
      "path": "detect_secrets.filters.heuristic.is_prefixed_with_dollar_sign"
    },
    {
      "path": "detect_secrets.filters.heuristic.is_sequential_string"
    },
    {
      "path": "detect_secrets.filters.heuristic.is_swagger_file"
    },
    {
      "path": "detect_secrets.filters.heuristic.is_templated_secret"
    },
    {
      "path": "detect_secrets.filters.regex.should_exclude_file",
      "pattern": [
        "(^docs/|^SECURITY\\.md$|src/lfx/src/lfx/_assets/component_index\\.json$|src/lfx/README\\.md$|^src/backend/base/langflow/initial_setup/starter_projects/|src/backend/tests/locust/langflow_runtime/flows/fixture_index\\.json$)"
      ]
    }
  ],
  "results": {
    "src/backend/tests/locust/langflow_runtime/flows/fixtures/natural_basic_prompting__external_live.json": [
      {
        "type": "Hex High Entropy String",
        "filename": "src/backend/tests/locust/langflow_runtime/flows/fixtures/natural_basic_prompting__external_live.json",
        "hashed_secret": "54ed260e3bc31bc77ee06754dff850981d39a66c",
        "is_verified": false,
        "line_number": 124
      },
      {
        "type": "Hex High Entropy String",
        "filename": "src/backend/tests/locust/langflow_runtime/flows/fixtures/natural_basic_prompting__external_live.json",
        "hashed_secret": "d6e6d7b4b115cd3b9d172623199f8c403055fecc",
        "is_verified": false,
        "line_number": 547
      }
    ],
    "src/backend/tests/locust/langflow_runtime/flows/fixtures/natural_basic_prompting__external_stubbed.json": [
      {
        "type": "Hex High Entropy String",
        "filename": "src/backend/tests/locust/langflow_runtime/flows/fixtures/natural_basic_prompting__external_stubbed.json",
        "hashed_secret": "54ed260e3bc31bc77ee06754dff850981d39a66c",
        "is_verified": false,
        "line_number": 124
      },
      {
        "type": "Hex High Entropy String",
        "filename": "src/backend/tests/locust/langflow_runtime/flows/fixtures/natural_basic_prompting__external_stubbed.json",
        "hashed_secret": "d6e6d7b4b115cd3b9d172623199f8c403055fecc",
        "is_verified": false,
        "line_number": 547
      }
    ],
    "src/backend/tests/locust/langflow_runtime/flows/fixtures/natural_file_parser_agent__external_live.json": [
      {
        "type": "Hex High Entropy String",
        "filename": "src/backend/tests/locust/langflow_runtime/flows/fixtures/natural_file_parser_agent__external_live.json",
        "hashed_secret": "d6e6d7b4b115cd3b9d172623199f8c403055fecc",
        "is_verified": false,
        "line_number": 128
      },
      {
        "type": "Hex High Entropy String",
        "filename": "src/backend/tests/locust/langflow_runtime/flows/fixtures/natural_file_parser_agent__external_live.json",
        "hashed_secret": "8178860cb65ba6bbf91d6f436e6a327f0e4164ac",
        "is_verified": false,
        "line_number": 411
      },
      {
        "type": "Hex High Entropy String",
        "filename": "src/backend/tests/locust/langflow_runtime/flows/fixtures/natural_file_parser_agent__external_live.json",
        "hashed_secret": "6de49389688628ac2a1f9359a9fe93d6c4c48202",
        "is_verified": false,
        "line_number": 622
      },
      {
        "type": "Hex High Entropy String",
        "filename": "src/backend/tests/locust/langflow_runtime/flows/fixtures/natural_file_parser_agent__external_live.json",
        "hashed_secret": "26458c352aa471b4170edc41c4b86f307e13785f",
        "is_verified": false,
        "line_number": 1311
      },
      {
        "type": "Secret Keyword",
        "filename": "src/frontend/src/constants/constants.ts",
        "hashed_secret": "3806954324550e26ef5de85d007f1746825a073c",
        "is_verified": false,
        "line_number": 768,
        "is_secret": false
      },
      {
        "type": "Secret Keyword",
        "filename": "src/frontend/src/constants/constants.ts",
        "hashed_secret": "c04f8fbf55c9096907a982750b1c6b0e4c1dd658",
        "is_verified": false,
        "line_number": 962,
        "is_secret": false
      }
    ],
    "src/frontend/src/controllers/API/helpers/constants.ts": [
      {
        "type": "Secret Keyword",
        "filename": "src/frontend/src/controllers/API/helpers/constants.ts",
        "filename": "src/backend/tests/locust/langflow_runtime/flows/fixtures/natural_file_parser_agent__external_live.json",
        "hashed_secret": "665b1e3851eefefa3fb878654292f16597d25155",
        "is_verified": false,
        "line_number": 1664
      },
      {
        "type": "Secret Keyword",
        "filename": "src/backend/tests/locust/langflow_runtime/flows/fixtures/natural_file_parser_agent__external_live.json",
        "hashed_secret": "3f2df46921dd8e2c36e2ce85238705ac0774c74a",
        "is_verified": false,
        "line_number": 1744
      },
      {
        "type": "Secret Keyword",
        "filename": "src/backend/tests/locust/langflow_runtime/flows/fixtures/natural_file_parser_agent__external_live.json",
        "hashed_secret": "d4c3d66fd0c38547a3c7a4c6bdc29c36911bc030",
        "is_verified": false,
        "line_number": 1824
      }
    ],
    "src/backend/tests/locust/langflow_runtime/flows/fixtures/natural_file_parser_agent__external_stubbed.json": [
      {
        "type": "Hex High Entropy String",
        "filename": "src/backend/tests/locust/langflow_runtime/flows/fixtures/natural_file_parser_agent__external_stubbed.json",
        "hashed_secret": "d6e6d7b4b115cd3b9d172623199f8c403055fecc",
        "is_verified": false,
        "line_number": 128
      },
      {
        "type": "Hex High Entropy String",
        "filename": "src/backend/tests/locust/langflow_runtime/flows/fixtures/natural_file_parser_agent__external_stubbed.json",
        "hashed_secret": "8178860cb65ba6bbf91d6f436e6a327f0e4164ac",
        "is_verified": false,
        "line_number": 411
      },
      {
        "type": "Hex High Entropy String",
        "filename": "src/backend/tests/locust/langflow_runtime/flows/fixtures/natural_file_parser_agent__external_stubbed.json",
        "hashed_secret": "6de49389688628ac2a1f9359a9fe93d6c4c48202",
        "is_verified": false,
        "line_number": 622
      },
      {
        "type": "Hex High Entropy String",
        "filename": "src/backend/tests/locust/langflow_runtime/flows/fixtures/natural_file_parser_agent__external_stubbed.json",
        "hashed_secret": "26458c352aa471b4170edc41c4b86f307e13785f",
        "is_verified": false,
        "line_number": 1311
      },
      {
        "type": "Secret Keyword",
        "filename": "src/backend/tests/locust/langflow_runtime/flows/fixtures/natural_file_parser_agent__external_stubbed.json",
        "hashed_secret": "665b1e3851eefefa3fb878654292f16597d25155",
        "is_verified": false,
        "line_number": 1664
      },
      {
        "type": "Secret Keyword",
        "filename": "src/backend/tests/locust/langflow_runtime/flows/fixtures/natural_file_parser_agent__external_stubbed.json",
        "hashed_secret": "3f2df46921dd8e2c36e2ce85238705ac0774c74a",
        "is_verified": false,
        "line_number": 1744
      },
      {
        "type": "Secret Keyword",
        "filename": "src/backend/tests/locust/langflow_runtime/flows/fixtures/natural_file_parser_agent__external_stubbed.json",
        "hashed_secret": "d4c3d66fd0c38547a3c7a4c6bdc29c36911bc030",
        "is_verified": false,
        "line_number": 1824
      }
    ],
    "src/backend/tests/locust/langflow_runtime/flows/fixtures/natural_memory_chatbot__external_live.json": [
      {
        "type": "Hex High Entropy String",
        "filename": "src/backend/tests/locust/langflow_runtime/flows/fixtures/natural_memory_chatbot__external_live.json",
        "hashed_secret": "54ed260e3bc31bc77ee06754dff850981d39a66c",
        "is_verified": false,
        "line_number": 122
      },
      {
        "type": "Hex High Entropy String",
        "filename": "src/backend/tests/locust/langflow_runtime/flows/fixtures/natural_memory_chatbot__external_live.json",
        "hashed_secret": "d6e6d7b4b115cd3b9d172623199f8c403055fecc",
        "is_verified": false,
        "line_number": 395
      },
      {
        "type": "Hex High Entropy String",
        "filename": "src/backend/tests/locust/langflow_runtime/flows/fixtures/natural_memory_chatbot__external_live.json",
        "hashed_secret": "26458c352aa471b4170edc41c4b86f307e13785f",
        "is_verified": false,
        "line_number": 687
      },
      {
        "type": "Secret Keyword",
        "filename": "src/backend/tests/locust/langflow_runtime/flows/fixtures/natural_memory_chatbot__external_live.json",
        "hashed_secret": "665b1e3851eefefa3fb878654292f16597d25155",
        "is_verified": false,
        "line_number": 1047
      },
      {
        "type": "Secret Keyword",
        "filename": "src/backend/tests/locust/langflow_runtime/flows/fixtures/natural_memory_chatbot__external_live.json",
        "hashed_secret": "3f2df46921dd8e2c36e2ce85238705ac0774c74a",
        "is_verified": false,
        "line_number": 1127
      },
      {
        "type": "Secret Keyword",
        "filename": "src/backend/tests/locust/langflow_runtime/flows/fixtures/natural_memory_chatbot__external_live.json",
        "hashed_secret": "d4c3d66fd0c38547a3c7a4c6bdc29c36911bc030",
        "is_verified": false,
        "line_number": 1207
      }
    ],
    "src/backend/tests/locust/langflow_runtime/flows/fixtures/natural_memory_chatbot__external_stubbed.json": [
      {
        "type": "Hex High Entropy String",
        "filename": "src/backend/tests/locust/langflow_runtime/flows/fixtures/natural_memory_chatbot__external_stubbed.json",
        "hashed_secret": "54ed260e3bc31bc77ee06754dff850981d39a66c",
        "is_verified": false,
        "line_number": 122
      },
      {
        "type": "Hex High Entropy String",
        "filename": "src/backend/tests/locust/langflow_runtime/flows/fixtures/natural_memory_chatbot__external_stubbed.json",
        "hashed_secret": "d6e6d7b4b115cd3b9d172623199f8c403055fecc",
        "is_verified": false,
        "line_number": 395
      },
      {
        "type": "Hex High Entropy String",
        "filename": "src/backend/tests/locust/langflow_runtime/flows/fixtures/natural_memory_chatbot__external_stubbed.json",
        "hashed_secret": "26458c352aa471b4170edc41c4b86f307e13785f",
        "is_verified": false,
        "line_number": 687
      },
      {
        "type": "Secret Keyword",
        "filename": "src/backend/tests/locust/langflow_runtime/flows/fixtures/natural_memory_chatbot__external_stubbed.json",
        "hashed_secret": "665b1e3851eefefa3fb878654292f16597d25155",
        "is_verified": false,
        "line_number": 1047
      },
      {
        "type": "Secret Keyword",
        "filename": "src/backend/tests/locust/langflow_runtime/flows/fixtures/natural_memory_chatbot__external_stubbed.json",
        "hashed_secret": "3f2df46921dd8e2c36e2ce85238705ac0774c74a",
        "is_verified": false,
        "line_number": 1127
      },
      {
        "type": "Secret Keyword",
        "filename": "src/backend/tests/locust/langflow_runtime/flows/fixtures/natural_memory_chatbot__external_stubbed.json",
        "hashed_secret": "d4c3d66fd0c38547a3c7a4c6bdc29c36911bc030",
        "is_verified": false,
        "line_number": 1207
      }
    ],
    "src/backend/tests/locust/langflow_runtime/flows/fixtures/natural_simple_agent__external_live.json": [
      {
        "type": "Hex High Entropy String",
        "filename": "src/backend/tests/locust/langflow_runtime/flows/fixtures/natural_simple_agent__external_live.json",
        "hashed_secret": "54ed260e3bc31bc77ee06754dff850981d39a66c",
        "is_verified": false,
        "line_number": 151
      },
      {
        "type": "Hex High Entropy String",
        "filename": "src/backend/tests/locust/langflow_runtime/flows/fixtures/natural_simple_agent__external_live.json",
        "hashed_secret": "d6e6d7b4b115cd3b9d172623199f8c403055fecc",
        "is_verified": false,
        "line_number": 431
      },
      {
        "type": "Hex High Entropy String",
        "filename": "src/backend/tests/locust/langflow_runtime/flows/fixtures/natural_simple_agent__external_live.json",
        "hashed_secret": "26458c352aa471b4170edc41c4b86f307e13785f",
        "is_verified": false,
        "line_number": 724
      },
      {
        "type": "Hex High Entropy String",
        "filename": "src/backend/tests/locust/langflow_runtime/flows/fixtures/natural_simple_agent__external_live.json",
        "hashed_secret": "e3577aee1763ce364f257400e0809b5751693f7e",
        "is_verified": false,
        "line_number": 1805
      }
    ],
    "src/backend/tests/locust/langflow_runtime/flows/fixtures/natural_simple_agent__external_stubbed.json": [
      {
        "type": "Hex High Entropy String",
        "filename": "src/backend/tests/locust/langflow_runtime/flows/fixtures/natural_simple_agent__external_stubbed.json",
        "hashed_secret": "54ed260e3bc31bc77ee06754dff850981d39a66c",
        "is_verified": false,
        "line_number": 151
      },
      {
        "type": "Hex High Entropy String",
        "filename": "src/backend/tests/locust/langflow_runtime/flows/fixtures/natural_simple_agent__external_stubbed.json",
        "hashed_secret": "d6e6d7b4b115cd3b9d172623199f8c403055fecc",
        "is_verified": false,
        "line_number": 431
      },
      {
        "type": "Hex High Entropy String",
        "filename": "src/backend/tests/locust/langflow_runtime/flows/fixtures/natural_simple_agent__external_stubbed.json",
        "hashed_secret": "26458c352aa471b4170edc41c4b86f307e13785f",
        "is_verified": false,
        "line_number": 724
      },
      {
        "type": "Hex High Entropy String",
        "filename": "src/backend/tests/locust/langflow_runtime/flows/fixtures/natural_simple_agent__external_stubbed.json",
        "hashed_secret": "e3577aee1763ce364f257400e0809b5751693f7e",
        "is_verified": false,
        "line_number": 1800
      }
    ],
    "src/backend/tests/locust/langflow_runtime/flows/fixtures/natural_vector_store_rag__external_live.json": [
      {
        "type": "Hex High Entropy String",
        "filename": "src/backend/tests/locust/langflow_runtime/flows/fixtures/natural_vector_store_rag__external_live.json",
        "hashed_secret": "54ed260e3bc31bc77ee06754dff850981d39a66c",
        "is_verified": false,
        "line_number": 213
      },
      {
        "type": "Hex High Entropy String",
        "filename": "src/backend/tests/locust/langflow_runtime/flows/fixtures/natural_vector_store_rag__external_live.json",
        "hashed_secret": "d6e6d7b4b115cd3b9d172623199f8c403055fecc",
        "is_verified": false,
        "line_number": 690
      },
      {
        "type": "Hex High Entropy String",
        "filename": "src/backend/tests/locust/langflow_runtime/flows/fixtures/natural_vector_store_rag__external_live.json",
        "hashed_secret": "8178860cb65ba6bbf91d6f436e6a327f0e4164ac",
        "is_verified": false,
        "line_number": 967
      },
      {
        "type": "Hex High Entropy String",
        "filename": "src/backend/tests/locust/langflow_runtime/flows/fixtures/natural_vector_store_rag__external_live.json",
        "hashed_secret": "26458c352aa471b4170edc41c4b86f307e13785f",
        "is_verified": false,
        "line_number": 1641
      },
      {
        "type": "Secret Keyword",
        "filename": "src/backend/tests/locust/langflow_runtime/flows/fixtures/natural_vector_store_rag__external_live.json",
        "hashed_secret": "665b1e3851eefefa3fb878654292f16597d25155",
        "is_verified": false,
        "line_number": 2001
      },
      {
        "type": "Secret Keyword",
        "filename": "src/backend/tests/locust/langflow_runtime/flows/fixtures/natural_vector_store_rag__external_live.json",
        "hashed_secret": "3f2df46921dd8e2c36e2ce85238705ac0774c74a",
        "is_verified": false,
        "line_number": 2081
      },
      {
        "type": "Secret Keyword",
        "filename": "src/backend/tests/locust/langflow_runtime/flows/fixtures/natural_vector_store_rag__external_live.json",
        "hashed_secret": "d4c3d66fd0c38547a3c7a4c6bdc29c36911bc030",
        "is_verified": false,
        "line_number": 2161
      }
    ],
    "src/backend/tests/locust/langflow_runtime/flows/fixtures/natural_vector_store_rag__external_stubbed.json": [
      {
        "type": "Hex High Entropy String",
        "filename": "src/backend/tests/locust/langflow_runtime/flows/fixtures/natural_vector_store_rag__external_stubbed.json",
        "hashed_secret": "54ed260e3bc31bc77ee06754dff850981d39a66c",
        "is_verified": false,
        "line_number": 213
      },
      {
        "type": "Hex High Entropy String",
        "filename": "src/backend/tests/locust/langflow_runtime/flows/fixtures/natural_vector_store_rag__external_stubbed.json",
        "hashed_secret": "d6e6d7b4b115cd3b9d172623199f8c403055fecc",
        "is_verified": false,
        "line_number": 690
      },
      {
        "type": "Hex High Entropy String",
        "filename": "src/backend/tests/locust/langflow_runtime/flows/fixtures/natural_vector_store_rag__external_stubbed.json",
        "hashed_secret": "8178860cb65ba6bbf91d6f436e6a327f0e4164ac",
        "is_verified": false,
        "line_number": 967
      },
      {
        "type": "Hex High Entropy String",
        "filename": "src/backend/tests/locust/langflow_runtime/flows/fixtures/natural_vector_store_rag__external_stubbed.json",
        "hashed_secret": "26458c352aa471b4170edc41c4b86f307e13785f",
        "is_verified": false,
        "line_number": 1641
      },
      {
        "type": "Secret Keyword",
        "filename": "src/backend/tests/locust/langflow_runtime/flows/fixtures/natural_vector_store_rag__external_stubbed.json",
        "hashed_secret": "665b1e3851eefefa3fb878654292f16597d25155",
        "is_verified": false,
        "line_number": 2001
      },
      {
        "type": "Secret Keyword",
        "filename": "src/backend/tests/locust/langflow_runtime/flows/fixtures/natural_vector_store_rag__external_stubbed.json",
        "hashed_secret": "3f2df46921dd8e2c36e2ce85238705ac0774c74a",
        "is_verified": false,
        "line_number": 2081
      },
      {
        "type": "Secret Keyword",
        "filename": "src/backend/tests/locust/langflow_runtime/flows/fixtures/natural_vector_store_rag__external_stubbed.json",
        "hashed_secret": "d4c3d66fd0c38547a3c7a4c6bdc29c36911bc030",
        "is_verified": false,
        "line_number": 2161
      }
    ],
    "src/backend/tests/locust/langflow_runtime/flows/fixtures/perf_chat_db_agent.json": [
      {
        "type": "Hex High Entropy String",
        "filename": "src/backend/tests/locust/langflow_runtime/flows/fixtures/perf_chat_db_agent.json",
        "hashed_secret": "54ed260e3bc31bc77ee06754dff850981d39a66c",
        "is_verified": false,
        "line_number": 122
      },
      {
        "type": "Hex High Entropy String",
        "filename": "src/backend/tests/locust/langflow_runtime/flows/fixtures/perf_chat_db_agent.json",
        "hashed_secret": "d6e6d7b4b115cd3b9d172623199f8c403055fecc",
        "is_verified": false,
        "line_number": 395
      },
      {
        "type": "Hex High Entropy String",
        "filename": "src/backend/tests/locust/langflow_runtime/flows/fixtures/perf_chat_db_agent.json",
        "hashed_secret": "26458c352aa471b4170edc41c4b86f307e13785f",
        "is_verified": false,
        "line_number": 687
      },
      {
        "type": "Secret Keyword",
        "filename": "src/backend/tests/locust/langflow_runtime/flows/fixtures/perf_chat_db_agent.json",
        "hashed_secret": "665b1e3851eefefa3fb878654292f16597d25155",
        "is_verified": false,
        "line_number": 1047
      },
      {
        "type": "Secret Keyword",
        "filename": "src/backend/tests/locust/langflow_runtime/flows/fixtures/perf_chat_db_agent.json",
        "hashed_secret": "3f2df46921dd8e2c36e2ce85238705ac0774c74a",
        "is_verified": false,
        "line_number": 1127
      },
      {
        "type": "Secret Keyword",
        "filename": "src/backend/tests/locust/langflow_runtime/flows/fixtures/perf_chat_db_agent.json",
        "hashed_secret": "d4c3d66fd0c38547a3c7a4c6bdc29c36911bc030",
        "is_verified": false,
        "line_number": 1207
      }
    ]
  },
  "generated_at": "2026-07-27T03:29:21Z"
}
