{
  "version": "1.5.0",
  "plugins_used": [
    {
      "name": "ArtifactoryDetector"
    },
    {
      "name": "AWSKeyDetector"
    },
    {
      "name": "AzureStorageKeyDetector"
    },
    {
      "name": "Base64HighEntropyString",
      "limit": 4.5
    },
    {
      "name": "BasicAuthDetector"
    },
    {
      "name": "CloudantDetector"
    },
    {
      "name": "DiscordBotTokenDetector"
    },
    {
      "name": "GitHubTokenDetector"
    },
    {
      "name": "GitLabTokenDetector"
    },
    {
      "name": "HexHighEntropyString",
      "limit": 3.0
    },
    {
      "name": "IbmCloudIamDetector"
    },
    {
      "name": "IbmCosHmacDetector"
    },
    {
      "name": "IPPublicDetector"
    },
    {
      "name": "JwtTokenDetector"
    },
    {
      "name": "KeywordDetector",
      "keyword_exclude": ""
    },
    {
      "name": "MailchimpDetector"
    },
    {
      "name": "NpmDetector"
    },
    {
      "name": "OpenAIDetector"
    },
    {
      "name": "PrivateKeyDetector"
    },
    {
      "name": "PypiTokenDetector"
    },
    {
      "name": "SendGridDetector"
    },
    {
      "name": "SlackDetector"
    },
    {
      "name": "SoftlayerDetector"
    },
    {
      "name": "SquareOAuthDetector"
    },
    {
      "name": "StripeDetector"
    },
    {
      "name": "TelegramBotTokenDetector"
    },
    {
      "name": "TwilioKeyDetector"
    }
  ],
  "filters_used": [
    {
      "path": "detect_secrets.filters.allowlist.is_line_allowlisted"
    },
    {
      "path": "detect_secrets.filters.common.is_baseline_file",
      "filename": ".secrets.baseline"
    },
    {
      "path": "detect_secrets.filters.common.is_ignored_due_to_verification_policies",
      "min_level": 2
    },
    {
      "path": "detect_secrets.filters.heuristic.is_indirect_reference"
    },
    {
      "path": "detect_secrets.filters.heuristic.is_likely_id_string"
    },
    {
      "path": "detect_secrets.filters.heuristic.is_lock_file"
    },
    {
      "path": "detect_secrets.filters.heuristic.is_not_alphanumeric_string"
    },
    {
      "path": "detect_secrets.filters.heuristic.is_potential_uuid"
    },
    {
      "path": "detect_secrets.filters.heuristic.is_prefixed_with_dollar_sign"
    },
    {
      "path": "detect_secrets.filters.heuristic.is_sequential_string"
    },
    {
      "path": "detect_secrets.filters.heuristic.is_swagger_file"
    },
    {
      "path": "detect_secrets.filters.heuristic.is_templated_secret"
    }
  ],
  "results": {
    ".cursor/rules/testing.mdc": [
      {
        "type": "Secret Keyword",
        "filename": ".cursor/rules/testing.mdc",
        "hashed_secret": "62cdb7020ff920e5aa642c3d4066950dd1f01f4d",
        "is_verified": false,
        "line_number": 41,
        "is_secret": false
      }
    ],
    ".env.example": [
      {
        "type": "Basic Auth Credentials",
        "filename": ".env.example",
        "hashed_secret": "afc848c316af1a89d49826c5ae9d00ed769415f3",
        "is_verified": false,
        "line_number": 21,
        "is_secret": false
      }
    ],
    ".github/workflows/nightly_build.yml": [
      {
        "type": "Secret Keyword",
        "filename": ".github/workflows/nightly_build.yml",
        "hashed_secret": "3e26d6750975d678acb8fa35a0f69237881576b0",
        "is_verified": false,
        "line_number": 227,
        "is_secret": false
      }
    ],
    ".github/workflows/release.yml": [
      {
        "type": "Secret Keyword",
        "filename": ".github/workflows/release.yml",
        "hashed_secret": "3e26d6750975d678acb8fa35a0f69237881576b0",
        "is_verified": false,
        "line_number": 130,
        "is_secret": false
      }
    ],
    ".github/workflows/release_nightly.yml": [
      {
        "type": "Secret Keyword",
        "filename": ".github/workflows/release_nightly.yml",
        "hashed_secret": "3e26d6750975d678acb8fa35a0f69237881576b0",
        "is_verified": false,
        "line_number": 372,
        "is_secret": false
      }
    ],
    "SECURITY.md": [
      {
        "type": "Basic Auth Credentials",
        "filename": "SECURITY.md",
        "hashed_secret": "d67b0bfe20b56dac12b19258dcfe74b0998d8eeb",
        "is_verified": false,
        "line_number": 113
      },
      {
        "type": "Secret Keyword",
        "filename": "SECURITY.md",
        "hashed_secret": "e57eb248dee276a7a8931d338105a49725dd6ec7",
        "is_verified": false,
        "line_number": 114
      }
    ],
    "deploy/.env.example": [
      {
        "type": "Basic Auth Credentials",
        "filename": "deploy/.env.example",
        "hashed_secret": "e80c4f90316c87b6b24d03890493c8d1c7c1c99d",
        "is_verified": false,
        "line_number": 45,
        "is_secret": false
      }
    ],
    "docker/dev.docker-compose.yml": [
      {
        "type": "Secret Keyword",
        "filename": "docker/dev.docker-compose.yml",
        "hashed_secret": "e80c4f90316c87b6b24d03890493c8d1c7c1c99d",
        "is_verified": false,
        "line_number": 36,
        "is_secret": false
      }
    ],
    "docker_example/docker-compose.yml": [
      {
        "type": "Secret Keyword",
        "filename": "docker_example/docker-compose.yml",
        "hashed_secret": "e80c4f90316c87b6b24d03890493c8d1c7c1c99d",
        "is_verified": false,
        "line_number": 20,
        "is_secret": false
      }
    ],
    "docker_example/pre.docker-compose.yml": [
      {
        "type": "Secret Keyword",
        "filename": "docker_example/pre.docker-compose.yml",
        "hashed_secret": "e80c4f90316c87b6b24d03890493c8d1c7c1c99d",
        "is_verified": false,
        "line_number": 21,
        "is_secret": false
      }
    ],
    "docs/docs/API-Reference/api-openai-responses.mdx": [
      {
        "type": "Secret Keyword",
        "filename": "docs/docs/API-Reference/api-openai-responses.mdx",
        "hashed_secret": "f8f0b44da6dd51f3e5db5129c12a1b95ec71c2d9",
        "is_verified": false,
        "line_number": 45
      }
    ],
    "docs/docs/API-Reference/api-reference-api-examples.mdx": [
      {
        "type": "Secret Keyword",
        "filename": "docs/docs/API-Reference/api-reference-api-examples.mdx",
        "hashed_secret": "7d268ec0fc8a845ff8e1b1af5317ee5dc164808b",
        "is_verified": false,
        "line_number": 94
      },
      {
        "type": "Secret Keyword",
        "filename": "docs/docs/API-Reference/api-reference-api-examples.mdx",
        "hashed_secret": "ec3810e10fb78db55ce38b9c18d1c3eb1db739e0",
        "is_verified": false,
        "line_number": 98
      }
    ],
    "docs/docs/API-Reference/api-users.mdx": [
      {
        "type": "Secret Keyword",
        "filename": "docs/docs/API-Reference/api-users.mdx",
        "hashed_secret": "44cdfc3615970ada14420caaaa5c5745fca06002",
        "is_verified": false,
        "line_number": 21
      },
      {
        "type": "Secret Keyword",
        "filename": "docs/docs/API-Reference/api-users.mdx",
        "hashed_secret": "8f7d56d9f06f8f052a331fedbe14548f0a3305a3",
        "is_verified": false,
        "line_number": 213
      }
    ],
    "docs/docs/API-Reference/typescript-client.mdx": [
      {
        "type": "Secret Keyword",
        "filename": "docs/docs/API-Reference/typescript-client.mdx",
        "hashed_secret": "159500287c06851df741128ec4b073ea394414b6",
        "is_verified": false,
        "line_number": 55
      }
    ],
    "docs/docs/Deployment/deployment-docker.mdx": [
      {
        "type": "Basic Auth Credentials",
        "filename": "docs/docs/Deployment/deployment-docker.mdx",
        "hashed_secret": "91dfd9ddb4198affc5c194cd8ce6d338fde470e2",
        "is_verified": false,
        "line_number": 82
      }
    ],
    "docs/docs/Deployment/deployment-kubernetes-dev.mdx": [
      {
        "type": "Secret Keyword",
        "filename": "docs/docs/Deployment/deployment-kubernetes-dev.mdx",
        "hashed_secret": "0324bd7e241b5b7c50b91d8a6036f8134bafb078",
        "is_verified": false,
        "line_number": 115
      }
    ],
    "docs/docs/Deployment/deployment-public-server.mdx": [
      {
        "type": "Base64 High Entropy String",
        "filename": "docs/docs/Deployment/deployment-public-server.mdx",
        "hashed_secret": "991dcae394b42727eca3fc81bf221cecb92370e5",
        "is_verified": false,
        "line_number": 71
      }
    ],
    "docs/docs/Develop/configuration-custom-database.mdx": [
      {
        "type": "Basic Auth Credentials",
        "filename": "docs/docs/Develop/configuration-custom-database.mdx",
        "hashed_secret": "5baa61e4c9b93f3f0682250b6cf8331b7ee68fd8",
        "is_verified": false,
        "line_number": 22
      }
    ],
    "docs/docs/Develop/enterprise-database-guide.mdx": [
      {
        "type": "Basic Auth Credentials",
        "filename": "docs/docs/Develop/enterprise-database-guide.mdx",
        "hashed_secret": "5baa61e4c9b93f3f0682250b6cf8331b7ee68fd8",
        "is_verified": false,
        "line_number": 30
      },
      {
        "type": "Basic Auth Credentials",
        "filename": "docs/docs/Develop/enterprise-database-guide.mdx",
        "hashed_secret": "ea0c04513c32717f3a09ff7b1fa882c4d8424b2a",
        "is_verified": false,
        "line_number": 30
      },
      {
        "type": "Basic Auth Credentials",
        "filename": "docs/docs/Develop/enterprise-database-guide.mdx",
        "hashed_secret": "e80c4f90316c87b6b24d03890493c8d1c7c1c99d",
        "is_verified": false,
        "line_number": 68
      }
    ],
    "docs/docs/Develop/environment-variables.mdx": [
      {
        "type": "Basic Auth Credentials",
        "filename": "docs/docs/Develop/environment-variables.mdx",
        "hashed_secret": "5baa61e4c9b93f3f0682250b6cf8331b7ee68fd8",
        "is_verified": false,
        "line_number": 96
      },
      {
        "type": "Base64 High Entropy String",
        "filename": "docs/docs/Develop/environment-variables.mdx",
        "hashed_secret": "dacd53eb505b8486197552a888eef99192ffd390",
        "is_verified": false,
        "line_number": 217
      },
      {
        "type": "Secret Keyword",
        "filename": "docs/docs/Develop/environment-variables.mdx",
        "hashed_secret": "5ffe533b830f08a0326348a9160afafc8ada44db",
        "is_verified": false,
        "line_number": 285
      },
      {
        "type": "Secret Keyword",
        "filename": "docs/docs/Develop/environment-variables.mdx",
        "hashed_secret": "2d301f84472a0bacb783628ee7badae5566c0b4b",
        "is_verified": false,
        "line_number": 287
      },
      {
        "type": "Secret Keyword",
        "filename": "docs/docs/Develop/environment-variables.mdx",
        "hashed_secret": "74913f5cd5f61ec0bcfdb775414c2fb3d161b620",
        "is_verified": false,
        "line_number": 290
      }
    ],
    "docs/docs/Develop/integrations-langfuse.mdx": [
      {
        "type": "Basic Auth Credentials",
        "filename": "docs/docs/Develop/integrations-langfuse.mdx",
        "hashed_secret": "e80c4f90316c87b6b24d03890493c8d1c7c1c99d",
        "is_verified": false,
        "line_number": 109
      }
    ],
    "docs/docs/Develop/integrations-langsmith.mdx": [
      {
        "type": "Secret Keyword",
        "filename": "docs/docs/Develop/integrations-langsmith.mdx",
        "hashed_secret": "6a0ece37dcf14c4acd0710a1a54bfbdcc7bc55fb",
        "is_verified": false,
        "line_number": 21
      }
    ],
    "docs/docs/Develop/integrations-langwatch.mdx": [
      {
        "type": "Secret Keyword",
        "filename": "docs/docs/Develop/integrations-langwatch.mdx",
        "hashed_secret": "28676f3e163fda95ab69f9f29c3948009a04e0e0",
        "is_verified": false,
        "line_number": 17
      }
    ],
    "docs/docs/Develop/memory.mdx": [
      {
        "type": "Basic Auth Credentials",
        "filename": "docs/docs/Develop/memory.mdx",
        "hashed_secret": "5baa61e4c9b93f3f0682250b6cf8331b7ee68fd8",
        "is_verified": false,
        "line_number": 74
      }
    ],
    "docs/docs/Flows/concepts-publish.mdx": [
      {
        "type": "Secret Keyword",
        "filename": "docs/docs/Flows/concepts-publish.mdx",
        "hashed_secret": "7d268ec0fc8a845ff8e1b1af5317ee5dc164808b",
        "is_verified": false,
        "line_number": 60
      }
    ],
    "docs/docs/Get-Started/get-started-quickstart.mdx": [
      {
        "type": "Secret Keyword",
        "filename": "docs/docs/Get-Started/get-started-quickstart.mdx",
        "hashed_secret": "7d268ec0fc8a845ff8e1b1af5317ee5dc164808b",
        "is_verified": false,
        "line_number": 34
      },
      {
        "type": "Secret Keyword",
        "filename": "docs/docs/Get-Started/get-started-quickstart.mdx",
        "hashed_secret": "1a37d41260f96724ee881be5e261b4d043f0626b",
        "is_verified": false,
        "line_number": 546
      }
    ],
    "docs/docs/Tutorials/agent.mdx": [
      {
        "type": "Secret Keyword",
        "filename": "docs/docs/Tutorials/agent.mdx",
        "hashed_secret": "e42fd8b9ad15d8fa5f4718cad7cf19b522807996",
        "is_verified": false,
        "line_number": 82
      }
    ],
    "docs/docs/Tutorials/chat-with-rag.mdx": [
      {
        "type": "Secret Keyword",
        "filename": "docs/docs/Tutorials/chat-with-rag.mdx",
        "hashed_secret": "e42fd8b9ad15d8fa5f4718cad7cf19b522807996",
        "is_verified": false,
        "line_number": 143
      }
    ],
    "docs/docusaurus.config.js": [
      {
        "type": "Hex High Entropy String",
        "filename": "docs/docusaurus.config.js",
        "hashed_secret": "2dc79dceb6a4e48f38ef47d8dcabbbfaa441218f",
        "is_verified": false,
        "line_number": 487,
        "is_secret": false
      },
      {
        "type": "Secret Keyword",
        "filename": "docs/docusaurus.config.js",
        "hashed_secret": "2dc79dceb6a4e48f38ef47d8dcabbbfaa441218f",
        "is_verified": false,
        "line_number": 487,
        "is_secret": false
      }
    ],
    "scripts/aws/lib/construct/db.ts": [
      {
        "type": "Secret Keyword",
        "filename": "scripts/aws/lib/construct/db.ts",
        "hashed_secret": "b2f2354186676ab3ecbeeb978199cbffb32eb6f9",
        "is_verified": false,
        "line_number": 25,
        "is_secret": false
      }
    ],
    "src/backend/base/langflow/alembic/versions/006b3990db50_add_unique_constraints.py": [
      {
        "type": "Hex High Entropy String",
        "filename": "src/backend/base/langflow/alembic/versions/006b3990db50_add_unique_constraints.py",
        "hashed_secret": "8cff1de371e27e5606142515cca15a2683174700",
        "is_verified": false,
        "line_number": 16
      }
    ],
    "src/backend/base/langflow/alembic/versions/012fb73ac359_add_folder_table.py": [
      {
        "type": "Hex High Entropy String",
        "filename": "src/backend/base/langflow/alembic/versions/012fb73ac359_add_folder_table.py",
        "hashed_secret": "e56198337433b2a24520b89a1b89d55650bc4b79",
        "is_verified": false,
        "line_number": 16,
        "is_secret": false
      }
    ],
    "src/backend/base/langflow/alembic/versions/0d60fcbd4e8e_create_vertex_builds_table.py": [
      {
        "type": "Hex High Entropy String",
        "filename": "src/backend/base/langflow/alembic/versions/0d60fcbd4e8e_create_vertex_builds_table.py",
        "hashed_secret": "28a7b333a264c4f91c72ea7b6000e137b06e0abb",
        "is_verified": false,
        "line_number": 17,
        "is_secret": false
      }
    ],
    "src/backend/base/langflow/alembic/versions/1a110b568907_replace_credential_table_with_variable.py": [
      {
        "type": "Hex High Entropy String",
        "filename": "src/backend/base/langflow/alembic/versions/1a110b568907_replace_credential_table_with_variable.py",
        "hashed_secret": "0e7383d6894e28a521e4f12f47fda9268f1cd2e4",
        "is_verified": false,
        "line_number": 16,
        "is_secret": false
      },
      {
        "type": "Hex High Entropy String",
        "filename": "src/backend/base/langflow/alembic/versions/1a110b568907_replace_credential_table_with_variable.py",
        "hashed_secret": "8772fa35328d4e8db45ffcb6a43daef8461a78bb",
        "is_verified": false,
        "line_number": 17
      }
    ],
    "src/backend/base/langflow/alembic/versions/1b8b740a6fa3_remove_fk_constraint_in_message_.py": [
      {
        "type": "Hex High Entropy String",
        "filename": "src/backend/base/langflow/alembic/versions/1b8b740a6fa3_remove_fk_constraint_in_message_.py",
        "hashed_secret": "7dc2d5ca49ddbde37e4b62670697b3bf968ce6a2",
        "is_verified": false,
        "line_number": 18,
        "is_secret": false
      }
    ],
    "src/backend/base/langflow/alembic/versions/1c79524817ed_add_unique_constraints_per_user_in_.py": [
      {
        "type": "Hex High Entropy String",
        "filename": "src/backend/base/langflow/alembic/versions/1c79524817ed_add_unique_constraints_per_user_in_.py",
        "hashed_secret": "2cd99a879ec2567e4b741e7b6f58a2e1e89edb17",
        "is_verified": false,
        "line_number": 15,
        "is_secret": false
      }
    ],
    "src/backend/base/langflow/alembic/versions/1eab2c3eb45e_event_error.py": [
      {
        "type": "Hex High Entropy String",
        "filename": "src/backend/base/langflow/alembic/versions/1eab2c3eb45e_event_error.py",
        "hashed_secret": "0e10bacb2371860c03a1dc6b4c00a9c28abfcdec",
        "is_verified": false,
        "line_number": 15,
        "is_secret": false
      },
      {
        "type": "Hex High Entropy String",
        "filename": "src/backend/base/langflow/alembic/versions/1eab2c3eb45e_event_error.py",
        "hashed_secret": "1a8ccd1199b5c911783d07d3bfe2057cdbaefdde",
        "is_verified": false,
        "line_number": 16
      }
    ],
    "src/backend/base/langflow/alembic/versions/1ef9c4f3765d_.py": [
      {
        "type": "Hex High Entropy String",
        "filename": "src/backend/base/langflow/alembic/versions/1ef9c4f3765d_.py",
        "hashed_secret": "8cff1de371e27e5606142515cca15a2683174700",
        "is_verified": false,
        "line_number": 14,
        "is_secret": false
      }
    ],
    "src/backend/base/langflow/alembic/versions/1f4d6df60295_add_default_fields_column.py": [
      {
        "type": "Hex High Entropy String",
        "filename": "src/backend/base/langflow/alembic/versions/1f4d6df60295_add_default_fields_column.py",
        "hashed_secret": "da267f392eaf38538ba97e1b271b7eba82d13857",
        "is_verified": false,
        "line_number": 15,
        "is_secret": false
      }
    ],
    "src/backend/base/langflow/alembic/versions/29fe8f1f806b_add_missing_index.py": [
      {
        "type": "Hex High Entropy String",
        "filename": "src/backend/base/langflow/alembic/versions/29fe8f1f806b_add_missing_index.py",
        "hashed_secret": "28b763f9898b285436ce150ad5a365988d740045",
        "is_verified": false,
        "line_number": 14,
        "is_secret": false
      },
      {
        "type": "Hex High Entropy String",
        "filename": "src/backend/base/langflow/alembic/versions/29fe8f1f806b_add_missing_index.py",
        "hashed_secret": "e56198337433b2a24520b89a1b89d55650bc4b79",
        "is_verified": false,
        "line_number": 15
      }
    ],
    "src/backend/base/langflow/alembic/versions/2ac71eb9c3ae_adds_credential_table.py": [
      {
        "type": "Hex High Entropy String",
        "filename": "src/backend/base/langflow/alembic/versions/2ac71eb9c3ae_adds_credential_table.py",
        "hashed_secret": "87a982e7fbfe20e388f9ad1e6d73a86f469e982d",
        "is_verified": false,
        "line_number": 16,
        "is_secret": false
      },
      {
        "type": "Hex High Entropy String",
        "filename": "src/backend/base/langflow/alembic/versions/2ac71eb9c3ae_adds_credential_table.py",
        "hashed_secret": "6ca0ea9d38b83b662977a0341596297495d44ba6",
        "is_verified": false,
        "line_number": 17
      }
    ],
    "src/backend/base/langflow/alembic/versions/3162e83e485f_add_auth_settings_to_folder_and_merge.py": [
      {
        "type": "Hex High Entropy String",
        "filename": "src/backend/base/langflow/alembic/versions/3162e83e485f_add_auth_settings_to_folder_and_merge.py",
        "hashed_secret": "7e801006ecc7ecb1bcc6bcf973a57e859613991c",
        "is_verified": false,
        "line_number": 15
      },
      {
        "type": "Hex High Entropy String",
        "filename": "src/backend/base/langflow/alembic/versions/3162e83e485f_add_auth_settings_to_folder_and_merge.py",
        "hashed_secret": "7bc83b3d42770da22a102a8c960d12ac8e6c6fe6",
        "is_verified": false,
        "line_number": 16
      }
    ],
    "src/backend/base/langflow/alembic/versions/58b28437a398_modify_nullable.py": [
      {
        "type": "Hex High Entropy String",
        "filename": "src/backend/base/langflow/alembic/versions/58b28437a398_modify_nullable.py",
        "hashed_secret": "156a9d188eaddf456117b22218326324222c6716",
        "is_verified": false,
        "line_number": 20,
        "is_secret": false
      }
    ],
    "src/backend/base/langflow/alembic/versions/5ace73a7f223_new_remove_table_upgrade_op.py": [
      {
        "type": "Hex High Entropy String",
        "filename": "src/backend/base/langflow/alembic/versions/5ace73a7f223_new_remove_table_upgrade_op.py",
        "hashed_secret": "7bc83b3d42770da22a102a8c960d12ac8e6c6fe6",
        "is_verified": false,
        "line_number": 16
      }
    ],
    "src/backend/base/langflow/alembic/versions/631faacf5da2_add_webhook_columns.py": [
      {
        "type": "Hex High Entropy String",
        "filename": "src/backend/base/langflow/alembic/versions/631faacf5da2_add_webhook_columns.py",
        "hashed_secret": "5c33b4de5b1db4fd7fd286c572465bd959d77232",
        "is_verified": false,
        "line_number": 15,
        "is_secret": false
      },
      {
        "type": "Hex High Entropy String",
        "filename": "src/backend/base/langflow/alembic/versions/631faacf5da2_add_webhook_columns.py",
        "hashed_secret": "2cd99a879ec2567e4b741e7b6f58a2e1e89edb17",
        "is_verified": false,
        "line_number": 16
      }
    ],
    "src/backend/base/langflow/alembic/versions/63b9c451fd30_add_icon_and_icon_bg_color_to_flow.py": [
      {
        "type": "Hex High Entropy String",
        "filename": "src/backend/base/langflow/alembic/versions/63b9c451fd30_add_icon_and_icon_bg_color_to_flow.py",
        "hashed_secret": "8772fa35328d4e8db45ffcb6a43daef8461a78bb",
        "is_verified": false,
        "line_number": 16,
        "is_secret": false
      },
      {
        "type": "Hex High Entropy String",
        "filename": "src/backend/base/langflow/alembic/versions/63b9c451fd30_add_icon_and_icon_bg_color_to_flow.py",
        "hashed_secret": "ab81185e2fa7d735e9008a929f5624d07ee35590",
        "is_verified": false,
        "line_number": 17
      }
    ],
    "src/backend/base/langflow/alembic/versions/66f72f04a1de_add_mcp_support_with_project_settings_.py": [
      {
        "type": "Hex High Entropy String",
        "filename": "src/backend/base/langflow/alembic/versions/66f72f04a1de_add_mcp_support_with_project_settings_.py",
        "hashed_secret": "a89bf934c28e94e1010980f9f1c3553f6588169f",
        "is_verified": false,
        "line_number": 16,
        "is_secret": false
      },
      {
        "type": "Hex High Entropy String",
        "filename": "src/backend/base/langflow/alembic/versions/66f72f04a1de_add_mcp_support_with_project_settings_.py",
        "hashed_secret": "78544fcecf88ff40d2e14662421e9e5fddee3e04",
        "is_verified": false,
        "line_number": 17
      }
    ],
    "src/backend/base/langflow/alembic/versions/6e7b581b5648_fix_nullable.py": [
      {
        "type": "Hex High Entropy String",
        "filename": "src/backend/base/langflow/alembic/versions/6e7b581b5648_fix_nullable.py",
        "hashed_secret": "156a9d188eaddf456117b22218326324222c6716",
        "is_verified": false,
        "line_number": 16
      }
    ],
    "src/backend/base/langflow/alembic/versions/7843803a87b5_store_updates.py": [
      {
        "type": "Hex High Entropy String",
        "filename": "src/backend/base/langflow/alembic/versions/7843803a87b5_store_updates.py",
        "hashed_secret": "e9c8b06ec30332b1bde551fb8416eb0b32d2d22e",
        "is_verified": false,
        "line_number": 17
      }
    ],
    "src/backend/base/langflow/alembic/versions/79e675cb6752_change_datetime_type.py": [
      {
        "type": "Hex High Entropy String",
        "filename": "src/backend/base/langflow/alembic/versions/79e675cb6752_change_datetime_type.py",
        "hashed_secret": "fd40bad2b7b22570b0dfce60649d8ce8c181c21a",
        "is_verified": false,
        "line_number": 18
      }
    ],
    "src/backend/base/langflow/alembic/versions/7d2162acc8b2_adds_updated_at_and_folder_cols.py": [
      {
        "type": "Hex High Entropy String",
        "filename": "src/backend/base/langflow/alembic/versions/7d2162acc8b2_adds_updated_at_and_folder_cols.py",
        "hashed_secret": "6ca0ea9d38b83b662977a0341596297495d44ba6",
        "is_verified": false,
        "line_number": 16,
        "is_secret": false
      },
      {
        "type": "Hex High Entropy String",
        "filename": "src/backend/base/langflow/alembic/versions/7d2162acc8b2_adds_updated_at_and_folder_cols.py",
        "hashed_secret": "3f44353e662497d21aecf8790ef88831c9c806bd",
        "is_verified": false,
        "line_number": 17
      }
    ],
    "src/backend/base/langflow/alembic/versions/93e2705fa8d6_add_column_save_path_to_flow.py": [
      {
        "type": "Hex High Entropy String",
        "filename": "src/backend/base/langflow/alembic/versions/93e2705fa8d6_add_column_save_path_to_flow.py",
        "hashed_secret": "90f0f8d291336efffe200380b1d3b6485e97c4ed",
        "is_verified": false,
        "line_number": 16,
        "is_secret": false
      }
    ],
    "src/backend/base/langflow/alembic/versions/a72f5cf9c2f9_add_endpoint_name_col.py": [
      {
        "type": "Hex High Entropy String",
        "filename": "src/backend/base/langflow/alembic/versions/a72f5cf9c2f9_add_endpoint_name_col.py",
        "hashed_secret": "28b763f9898b285436ce150ad5a365988d740045",
        "is_verified": false,
        "line_number": 17
      }
    ],
    "src/backend/base/langflow/alembic/versions/b2fa308044b5_add_unique_constraints.py": [
      {
        "type": "Hex High Entropy String",
        "filename": "src/backend/base/langflow/alembic/versions/b2fa308044b5_add_unique_constraints.py",
        "hashed_secret": "304de84429cb38a3e39d54672e818f1bfa0cea72",
        "is_verified": false,
        "line_number": 17,
        "is_secret": false
      }
    ],
    "src/backend/base/langflow/alembic/versions/bc2f01c40e4a_new_fixes.py": [
      {
        "type": "Hex High Entropy String",
        "filename": "src/backend/base/langflow/alembic/versions/bc2f01c40e4a_new_fixes.py",
        "hashed_secret": "ab81185e2fa7d735e9008a929f5624d07ee35590",
        "is_verified": false,
        "line_number": 17,
        "is_secret": false
      },
      {
        "type": "Hex High Entropy String",
        "filename": "src/backend/base/langflow/alembic/versions/bc2f01c40e4a_new_fixes.py",
        "hashed_secret": "304de84429cb38a3e39d54672e818f1bfa0cea72",
        "is_verified": false,
        "line_number": 18
      }
    ],
    "src/backend/base/langflow/alembic/versions/c153816fd85f_set_name_and_value_to_not_nullable.py": [
      {
        "type": "Hex High Entropy String",
        "filename": "src/backend/base/langflow/alembic/versions/c153816fd85f_set_name_and_value_to_not_nullable.py",
        "hashed_secret": "da267f392eaf38538ba97e1b271b7eba82d13857",
        "is_verified": false,
        "line_number": 16
      }
    ],
    "src/backend/base/langflow/alembic/versions/d3dbf656a499_add_gradient_column_in_flow.py": [
      {
        "type": "Hex High Entropy String",
        "filename": "src/backend/base/langflow/alembic/versions/d3dbf656a499_add_gradient_column_in_flow.py",
        "hashed_secret": "31b17a81cbd0842650e47a3c65b68eddb5526205",
        "is_verified": false,
        "line_number": 17,
        "is_secret": false
      }
    ],
    "src/backend/base/langflow/alembic/versions/d9a6ea21edcd_rename_default_folder.py": [
      {
        "type": "Hex High Entropy String",
        "filename": "src/backend/base/langflow/alembic/versions/d9a6ea21edcd_rename_default_folder.py",
        "hashed_secret": "a89bf934c28e94e1010980f9f1c3553f6588169f",
        "is_verified": false,
        "line_number": 16
      }
    ],
    "src/backend/base/langflow/alembic/versions/e3162c1804e6_add_persistent_locked_state.py": [
      {
        "type": "Hex High Entropy String",
        "filename": "src/backend/base/langflow/alembic/versions/e3162c1804e6_add_persistent_locked_state.py",
        "hashed_secret": "eceb2ed92b0253127427e9f750970811f876ec06",
        "is_verified": false,
        "line_number": 16,
        "is_secret": false
      },
      {
        "type": "Hex High Entropy String",
        "filename": "src/backend/base/langflow/alembic/versions/e3162c1804e6_add_persistent_locked_state.py",
        "hashed_secret": "0e10bacb2371860c03a1dc6b4c00a9c28abfcdec",
        "is_verified": false,
        "line_number": 17
      }
    ],
    "src/backend/base/langflow/alembic/versions/e3bc869fa272_fix_nullable.py": [
      {
        "type": "Hex High Entropy String",
        "filename": "src/backend/base/langflow/alembic/versions/e3bc869fa272_fix_nullable.py",
        "hashed_secret": "fd40bad2b7b22570b0dfce60649d8ce8c181c21a",
        "is_verified": false,
        "line_number": 15,
        "is_secret": false
      },
      {
        "type": "Hex High Entropy String",
        "filename": "src/backend/base/langflow/alembic/versions/e3bc869fa272_fix_nullable.py",
        "hashed_secret": "0e7383d6894e28a521e4f12f47fda9268f1cd2e4",
        "is_verified": false,
        "line_number": 16
      }
    ],
    "src/backend/base/langflow/alembic/versions/eb5866d51fd2_change_columns_to_be_nullable.py": [
      {
        "type": "Hex High Entropy String",
        "filename": "src/backend/base/langflow/alembic/versions/eb5866d51fd2_change_columns_to_be_nullable.py",
        "hashed_secret": "e9c8b06ec30332b1bde551fb8416eb0b32d2d22e",
        "is_verified": false,
        "line_number": 14,
        "is_secret": false
      }
    ],
    "src/backend/base/langflow/alembic/versions/eb5e72293a8e_add_error_and_edit_flags_to_message.py": [
      {
        "type": "Hex High Entropy String",
        "filename": "src/backend/base/langflow/alembic/versions/eb5e72293a8e_add_error_and_edit_flags_to_message.py",
        "hashed_secret": "1a8ccd1199b5c911783d07d3bfe2057cdbaefdde",
        "is_verified": false,
        "line_number": 15,
        "is_secret": false
      }
    ],
    "src/backend/base/langflow/alembic/versions/f5ee9749d1a6_user_id_can_be_null_in_flow.py": [
      {
        "type": "Hex High Entropy String",
        "filename": "src/backend/base/langflow/alembic/versions/f5ee9749d1a6_user_id_can_be_null_in_flow.py",
        "hashed_secret": "3f44353e662497d21aecf8790ef88831c9c806bd",
        "is_verified": false,
        "line_number": 15,
        "is_secret": false
      }
    ],
    "src/backend/base/langflow/alembic/versions/fd531f8868b1_fix_credential_table.py": [
      {
        "type": "Hex High Entropy String",
        "filename": "src/backend/base/langflow/alembic/versions/fd531f8868b1_fix_credential_table.py",
        "hashed_secret": "87a982e7fbfe20e388f9ad1e6d73a86f469e982d",
        "is_verified": false,
        "line_number": 16
      }
    ],
    "src/backend/base/langflow/api/utils/core.py": [
      {
        "type": "Secret Keyword",
        "filename": "src/backend/base/langflow/api/utils/core.py",
        "hashed_secret": "e5e9fa1ba31ecd1ae84f75caaa474f3a663f05f4",
        "is_verified": false,
        "line_number": 397
      }
    ],
    "src/backend/base/langflow/initial_setup/agent_docs.json": [
      {
        "type": "Basic Auth Credentials",
        "filename": "src/backend/base/langflow/initial_setup/agent_docs.json",
        "hashed_secret": "91dfd9ddb4198affc5c194cd8ce6d338fde470e2",
        "is_verified": false,
        "line_number": 4674
      },
      {
        "type": "Base64 High Entropy String",
        "filename": "src/backend/base/langflow/initial_setup/agent_docs.json",
        "hashed_secret": "07f3dd18a06dcd894bbce5ef0e8f608662bad0ff",
        "is_verified": false,
        "line_number": 5042
      },
      {
        "type": "Basic Auth Credentials",
        "filename": "src/backend/base/langflow/initial_setup/agent_docs.json",
        "hashed_secret": "5baa61e4c9b93f3f0682250b6cf8331b7ee68fd8",
        "is_verified": false,
        "line_number": 5438
      },
      {
        "type": "Basic Auth Credentials",
        "filename": "src/backend/base/langflow/initial_setup/agent_docs.json",
        "hashed_secret": "ea0c04513c32717f3a09ff7b1fa882c4d8424b2a",
        "is_verified": false,
        "line_number": 5670
      },
      {
        "type": "Basic Auth Credentials",
        "filename": "src/backend/base/langflow/initial_setup/agent_docs.json",
        "hashed_secret": "e80c4f90316c87b6b24d03890493c8d1c7c1c99d",
        "is_verified": false,
        "line_number": 5950
      }
    ],
    "src/backend/base/langflow/initial_setup/starter_projects/Basic Prompting.json": [
      {
        "type": "Hex High Entropy String",
        "filename": "src/backend/base/langflow/initial_setup/starter_projects/Basic Prompting.json",
        "hashed_secret": "377e839f86c1529c656c82599fb225b4a1261ed5",
        "is_verified": false,
        "line_number": 378
      }
    ],
    "src/backend/base/langflow/initial_setup/starter_projects/Blog Writer.json": [
      {
        "type": "Hex High Entropy String",
        "filename": "src/backend/base/langflow/initial_setup/starter_projects/Blog Writer.json",
        "hashed_secret": "377e839f86c1529c656c82599fb225b4a1261ed5",
        "is_verified": false,
        "line_number": 180
      },
      {
        "type": "Hex High Entropy String",
        "filename": "src/backend/base/langflow/initial_setup/starter_projects/Blog Writer.json",
        "hashed_secret": "b223275895a74015ca0555983d6e9685efdb03fe",
        "is_verified": false,
        "line_number": 355
      },
      {
        "type": "Hex High Entropy String",
        "filename": "src/backend/base/langflow/initial_setup/starter_projects/Blog Writer.json",
        "hashed_secret": "d86c5d90a88a4895d1ab9a3878656bdf3721d10f",
        "is_verified": false,
        "line_number": 976
      }
    ],
    "src/backend/base/langflow/initial_setup/starter_projects/Custom Component Generator.json": [
      {
        "type": "Hex High Entropy String",
        "filename": "src/backend/base/langflow/initial_setup/starter_projects/Custom Component Generator.json",
        "hashed_secret": "377e839f86c1529c656c82599fb225b4a1261ed5",
        "is_verified": false,
        "line_number": 598
      }
    ],
    "src/backend/base/langflow/initial_setup/starter_projects/Document Q&A.json": [
      {
        "type": "Hex High Entropy String",
        "filename": "src/backend/base/langflow/initial_setup/starter_projects/Document Q&A.json",
        "hashed_secret": "377e839f86c1529c656c82599fb225b4a1261ed5",
        "is_verified": false,
        "line_number": 731
      },
      {
        "type": "Hex High Entropy String",
        "filename": "src/backend/base/langflow/initial_setup/starter_projects/Document Q&A.json",
        "hashed_secret": "089fab49631391f038c1938616cfe961aa2565c9",
        "is_verified": false,
        "line_number": 1210
      }
    ],
    "src/backend/base/langflow/initial_setup/starter_projects/Image Sentiment Analysis.json": [
      {
        "type": "Hex High Entropy String",
        "filename": "src/backend/base/langflow/initial_setup/starter_projects/Image Sentiment Analysis.json",
        "hashed_secret": "377e839f86c1529c656c82599fb225b4a1261ed5",
        "is_verified": false,
        "line_number": 821
      }
    ],
    "src/backend/base/langflow/initial_setup/starter_projects/Instagram Copywriter.json": [
      {
        "type": "Hex High Entropy String",
        "filename": "src/backend/base/langflow/initial_setup/starter_projects/Instagram Copywriter.json",
        "hashed_secret": "377e839f86c1529c656c82599fb225b4a1261ed5",
        "is_verified": false,
        "line_number": 587
      },
      {
        "type": "Hex High Entropy String",
        "filename": "src/backend/base/langflow/initial_setup/starter_projects/Instagram Copywriter.json",
        "hashed_secret": "b223275895a74015ca0555983d6e9685efdb03fe",
        "is_verified": false,
        "line_number": 761
      },
      {
        "type": "Hex High Entropy String",
        "filename": "src/backend/base/langflow/initial_setup/starter_projects/Instagram Copywriter.json",
        "hashed_secret": "1579aca9caa27162a684e977c56693b37243d1b4",
        "is_verified": false,
        "line_number": 1542
      }
    ],
    "src/backend/base/langflow/initial_setup/starter_projects/Invoice Summarizer.json": [
      {
        "type": "Hex High Entropy String",
        "filename": "src/backend/base/langflow/initial_setup/starter_projects/Invoice Summarizer.json",
        "hashed_secret": "377e839f86c1529c656c82599fb225b4a1261ed5",
        "is_verified": false,
        "line_number": 174
      },
      {
        "type": "Hex High Entropy String",
        "filename": "src/backend/base/langflow/initial_setup/starter_projects/Invoice Summarizer.json",
        "hashed_secret": "f16b56e2e46c4df6bf412a7a9b90c86957016575",
        "is_verified": false,
        "line_number": 643
      }
    ],
    "src/backend/base/langflow/initial_setup/starter_projects/Knowledge Ingestion.json": [
      {
        "type": "Hex High Entropy String",
        "filename": "src/backend/base/langflow/initial_setup/starter_projects/Knowledge Ingestion.json",
        "hashed_secret": "ab06ef2a8cc8a90a8526e3511be8f376c7cb0387",
        "is_verified": false,
        "line_number": 92,
        "is_secret": false
      },
      {
        "type": "Hex High Entropy String",
        "filename": "src/backend/base/langflow/initial_setup/starter_projects/Knowledge Ingestion.json",
        "hashed_secret": "d86c5d90a88a4895d1ab9a3878656bdf3721d10f",
        "is_verified": false,
        "line_number": 356,
        "is_secret": false
      },
      {
        "type": "Hex High Entropy String",
        "filename": "src/backend/base/langflow/initial_setup/starter_projects/Knowledge Ingestion.json",
        "hashed_secret": "aa604c459e35a9c27a3fbd34bf472134ea84155d",
        "is_verified": false,
        "line_number": 740,
        "is_secret": false
      }
    ],
    "src/backend/base/langflow/initial_setup/starter_projects/Knowledge Retrieval.json": [
      {
        "type": "Hex High Entropy String",
        "filename": "src/backend/base/langflow/initial_setup/starter_projects/Knowledge Retrieval.json",
        "hashed_secret": "b223275895a74015ca0555983d6e9685efdb03fe",
        "is_verified": false,
        "line_number": 109,
        "is_secret": false
      },
      {
        "type": "Hex High Entropy String",
        "filename": "src/backend/base/langflow/initial_setup/starter_projects/Knowledge Retrieval.json",
        "hashed_secret": "d783bc92a8d8aeba38ac5e878d7dc26d4f28bc90",
        "is_verified": false,
        "line_number": 514,
        "is_secret": false
      }
    ],
    "src/backend/base/langflow/initial_setup/starter_projects/Market Research.json": [
      {
        "type": "Hex High Entropy String",
        "filename": "src/backend/base/langflow/initial_setup/starter_projects/Market Research.json",
        "hashed_secret": "1579aca9caa27162a684e977c56693b37243d1b4",
        "is_verified": false,
        "line_number": 798
      }
    ],
    "src/backend/base/langflow/initial_setup/starter_projects/Meeting Summary.json": [
      {
        "type": "Hex High Entropy String",
        "filename": "src/backend/base/langflow/initial_setup/starter_projects/Meeting Summary.json",
        "hashed_secret": "377e839f86c1529c656c82599fb225b4a1261ed5",
        "is_verified": false,
        "line_number": 486
      }
    ],
    "src/backend/base/langflow/initial_setup/starter_projects/Memory Chatbot.json": [
      {
        "type": "Hex High Entropy String",
        "filename": "src/backend/base/langflow/initial_setup/starter_projects/Memory Chatbot.json",
        "hashed_secret": "377e839f86c1529c656c82599fb225b4a1261ed5",
        "is_verified": false,
        "line_number": 741
      }
    ],
    "src/backend/base/langflow/initial_setup/starter_projects/News Aggregator.json": [
      {
        "type": "Hex High Entropy String",
        "filename": "src/backend/base/langflow/initial_setup/starter_projects/News Aggregator.json",
        "hashed_secret": "1be2449adf6092e0729be455a98c93034cc90bc8",
        "is_verified": false,
        "line_number": 209,
        "is_secret": false
      },
      {
        "type": "Hex High Entropy String",
        "filename": "src/backend/base/langflow/initial_setup/starter_projects/News Aggregator.json",
        "hashed_secret": "56c05badb3e677606cce4f2307fda2625f61df9a",
        "is_verified": false,
        "line_number": 1896,
        "is_secret": false
      }
    ],
    "src/backend/base/langflow/initial_setup/starter_projects/Portfolio Website Code Generator.json": [
      {
        "type": "Hex High Entropy String",
        "filename": "src/backend/base/langflow/initial_setup/starter_projects/Portfolio Website Code Generator.json",
        "hashed_secret": "b223275895a74015ca0555983d6e9685efdb03fe",
        "is_verified": false,
        "line_number": 201
      },
      {
        "type": "Hex High Entropy String",
        "filename": "src/backend/base/langflow/initial_setup/starter_projects/Portfolio Website Code Generator.json",
        "hashed_secret": "089fab49631391f038c1938616cfe961aa2565c9",
        "is_verified": false,
        "line_number": 934
      }
    ],
    "src/backend/base/langflow/initial_setup/starter_projects/Price Deal Finder.json": [
      {
        "type": "Hex High Entropy String",
        "filename": "src/backend/base/langflow/initial_setup/starter_projects/Price Deal Finder.json",
        "hashed_secret": "1579aca9caa27162a684e977c56693b37243d1b4",
        "is_verified": false,
        "line_number": 704
      },
      {
        "type": "Hex High Entropy String",
        "filename": "src/backend/base/langflow/initial_setup/starter_projects/Price Deal Finder.json",
        "hashed_secret": "1be2449adf6092e0729be455a98c93034cc90bc8",
        "is_verified": false,
        "line_number": 1118
      }
    ],
    "src/backend/base/langflow/initial_setup/starter_projects/Research Agent.json": [
      {
        "type": "Hex High Entropy String",
        "filename": "src/backend/base/langflow/initial_setup/starter_projects/Research Agent.json",
        "hashed_secret": "377e839f86c1529c656c82599fb225b4a1261ed5",
        "is_verified": false,
        "line_number": 319
      },
      {
        "type": "Hex High Entropy String",
        "filename": "src/backend/base/langflow/initial_setup/starter_projects/Research Agent.json",
        "hashed_secret": "1579aca9caa27162a684e977c56693b37243d1b4",
        "is_verified": false,
        "line_number": 1230
      }
    ],
    "src/backend/base/langflow/initial_setup/starter_projects/Research Translation Loop.json": [
      {
        "type": "Hex High Entropy String",
        "filename": "src/backend/base/langflow/initial_setup/starter_projects/Research Translation Loop.json",
        "hashed_secret": "e66321745fc15e1b80035de7c59f8c700d7e9976",
        "is_verified": false,
        "line_number": 1621
      }
    ],
    "src/backend/base/langflow/initial_setup/starter_projects/SEO Keyword Generator.json": [
      {
        "type": "Hex High Entropy String",
        "filename": "src/backend/base/langflow/initial_setup/starter_projects/SEO Keyword Generator.json",
        "hashed_secret": "377e839f86c1529c656c82599fb225b4a1261ed5",
        "is_verified": false,
        "line_number": 122
      }
    ],
    "src/backend/base/langflow/initial_setup/starter_projects/SaaS Pricing.json": [
      {
        "type": "Hex High Entropy String",
        "filename": "src/backend/base/langflow/initial_setup/starter_projects/SaaS Pricing.json",
        "hashed_secret": "377e839f86c1529c656c82599fb225b4a1261ed5",
        "is_verified": false,
        "line_number": 119
      },
      {
        "type": "Hex High Entropy String",
        "filename": "src/backend/base/langflow/initial_setup/starter_projects/SaaS Pricing.json",
        "hashed_secret": "a53828d1bdf26ed94eb387fe5a115ba32b0ef888",
        "is_verified": false,
        "line_number": 689
      }
    ],
    "src/backend/base/langflow/initial_setup/starter_projects/Search agent.json": [
      {
        "type": "Hex High Entropy String",
        "filename": "src/backend/base/langflow/initial_setup/starter_projects/Search agent.json",
        "hashed_secret": "f59912210d43c78fe803463f6bfb35688508a2bf",
        "is_verified": false,
        "line_number": 106
      }
    ],
    "src/backend/base/langflow/initial_setup/starter_projects/Sequential Tasks Agents.json": [
      {
        "type": "Hex High Entropy String",
        "filename": "src/backend/base/langflow/initial_setup/starter_projects/Sequential Tasks Agents.json",
        "hashed_secret": "377e839f86c1529c656c82599fb225b4a1261ed5",
        "is_verified": false,
        "line_number": 1809
      },
      {
        "type": "Hex High Entropy String",
        "filename": "src/backend/base/langflow/initial_setup/starter_projects/Sequential Tasks Agents.json",
        "hashed_secret": "a53828d1bdf26ed94eb387fe5a115ba32b0ef888",
        "is_verified": false,
        "line_number": 3541
      },
      {
        "type": "Hex High Entropy String",
        "filename": "src/backend/base/langflow/initial_setup/starter_projects/Sequential Tasks Agents.json",
        "hashed_secret": "1579aca9caa27162a684e977c56693b37243d1b4",
        "is_verified": false,
        "line_number": 3707
      }
    ],
    "src/backend/base/langflow/initial_setup/starter_projects/Simple Agent.json": [
      {
        "type": "Hex High Entropy String",
        "filename": "src/backend/base/langflow/initial_setup/starter_projects/Simple Agent.json",
        "hashed_secret": "a53828d1bdf26ed94eb387fe5a115ba32b0ef888",
        "is_verified": false,
        "line_number": 194
      },
      {
        "type": "Hex High Entropy String",
        "filename": "src/backend/base/langflow/initial_setup/starter_projects/Simple Agent.json",
        "hashed_secret": "d86c5d90a88a4895d1ab9a3878656bdf3721d10f",
        "is_verified": false,
        "line_number": 1650
      }
    ],
    "src/backend/base/langflow/initial_setup/starter_projects/Text Sentiment Analysis.json": [
      {
        "type": "Hex High Entropy String",
        "filename": "src/backend/base/langflow/initial_setup/starter_projects/Text Sentiment Analysis.json",
        "hashed_secret": "089fab49631391f038c1938616cfe961aa2565c9",
        "is_verified": false,
        "line_number": 2342
      }
    ],
    "src/backend/base/langflow/initial_setup/starter_projects/Travel Planning Agents.json": [
      {
        "type": "Hex High Entropy String",
        "filename": "src/backend/base/langflow/initial_setup/starter_projects/Travel Planning Agents.json",
        "hashed_secret": "a53828d1bdf26ed94eb387fe5a115ba32b0ef888",
        "is_verified": false,
        "line_number": 1222
      },
      {
        "type": "Hex High Entropy String",
        "filename": "src/backend/base/langflow/initial_setup/starter_projects/Travel Planning Agents.json",
        "hashed_secret": "5bf984f56eac13589ac2369cb0bae2f61869810a",
        "is_verified": false,
        "line_number": 1389
      }
    ],
    "src/backend/base/langflow/initial_setup/starter_projects/Twitter Thread Generator.json": [
      {
        "type": "Hex High Entropy String",
        "filename": "src/backend/base/langflow/initial_setup/starter_projects/Twitter Thread Generator.json",
        "hashed_secret": "b223275895a74015ca0555983d6e9685efdb03fe",
        "is_verified": false,
        "line_number": 561
      },
      {
        "type": "Hex High Entropy String",
        "filename": "src/backend/base/langflow/initial_setup/starter_projects/Twitter Thread Generator.json",
        "hashed_secret": "377e839f86c1529c656c82599fb225b4a1261ed5",
        "is_verified": false,
        "line_number": 1601
      }
    ],
    "src/backend/base/langflow/initial_setup/starter_projects/Vector Store RAG.json": [
      {
        "type": "Hex High Entropy String",
        "filename": "src/backend/base/langflow/initial_setup/starter_projects/Vector Store RAG.json",
        "hashed_secret": "377e839f86c1529c656c82599fb225b4a1261ed5",
        "is_verified": false,
        "line_number": 586
      },
      {
        "type": "Hex High Entropy String",
        "filename": "src/backend/base/langflow/initial_setup/starter_projects/Vector Store RAG.json",
        "hashed_secret": "ab06ef2a8cc8a90a8526e3511be8f376c7cb0387",
        "is_verified": false,
        "line_number": 764
      },
      {
        "type": "Hex High Entropy String",
        "filename": "src/backend/base/langflow/initial_setup/starter_projects/Vector Store RAG.json",
        "hashed_secret": "3de7722ca43ab9676c384eb479950083fb2385bb",
        "is_verified": false,
        "line_number": 1357
      },
      {
        "type": "Hex High Entropy String",
        "filename": "src/backend/base/langflow/initial_setup/starter_projects/Vector Store RAG.json",
        "hashed_secret": "089fab49631391f038c1938616cfe961aa2565c9",
        "is_verified": false,
        "line_number": 2678
      }
    ],
    "src/backend/base/langflow/initial_setup/starter_projects/Youtube Analysis.json": [
      {
        "type": "Hex High Entropy String",
        "filename": "src/backend/base/langflow/initial_setup/starter_projects/Youtube Analysis.json",
        "hashed_secret": "ef3435e29e3a2c5dcbbb633856c85561848cd995",
        "is_verified": false,
        "line_number": 523
      }
    ],
    "src/backend/base/langflow/services/auth/utils.py": [
      {
        "type": "Secret Keyword",
        "filename": "src/backend/base/langflow/services/auth/utils.py",
        "hashed_secret": "b894b81be94cf8fa8d7536475aaec876addf05c8",
        "is_verified": false,
        "line_number": 30,
        "is_secret": false
      }
    ],
    "src/backend/tests/conftest.py": [
      {
        "type": "Secret Keyword",
        "filename": "src/backend/tests/conftest.py",
        "hashed_secret": "8bb6118f8fd6935ad0876a3be34a717d32708ffd",
        "is_verified": false,
        "line_number": 458,
        "is_secret": false
      },
      {
        "type": "Secret Keyword",
        "filename": "src/backend/tests/conftest.py",
        "hashed_secret": "61fbb5a12cd7b1f1fe1624120089efc0cd299e43",
        "is_verified": false,
        "line_number": 670,
        "is_secret": false
      }
    ],
    "src/backend/tests/data/vector_store_grouped.json": [
      {
        "type": "Base64 High Entropy String",
        "filename": "src/backend/tests/data/vector_store_grouped.json",
        "hashed_secret": "235edeaf33250eafce9270c364af8a7fcbb9b110",
        "is_verified": false,
        "line_number": 1,
        "is_secret": false
      },
      {
        "type": "Base64 High Entropy String",
        "filename": "src/backend/tests/data/vector_store_grouped.json",
        "hashed_secret": "99dd7eb59ef1cd6c5a11e6c737bda80db54612a2",
        "is_verified": false,
        "line_number": 1,
        "is_secret": false
      },
      {
        "type": "Base64 High Entropy String",
        "filename": "src/backend/tests/data/vector_store_grouped.json",
        "hashed_secret": "a6865946da108064ab17a0cf4518c151a006b810",
        "is_verified": false,
        "line_number": 1,
        "is_secret": false
      }
    ],
    "src/backend/tests/integration/components/bundles/cometapi/test_cometapi_integration.py": [
      {
        "type": "Secret Keyword",
        "filename": "src/backend/tests/integration/components/bundles/cometapi/test_cometapi_integration.py",
        "hashed_secret": "7d7048eaa43ebb90728877db61b4c016f9353229",
        "is_verified": false,
        "line_number": 98
      },
      {
        "type": "Secret Keyword",
        "filename": "src/backend/tests/integration/components/bundles/cometapi/test_cometapi_integration.py",
        "hashed_secret": "3acfb2c2b433c0ea7ff107e33df91b18e52f960f",
        "is_verified": false,
        "line_number": 184
      },
      {
        "type": "Secret Keyword",
        "filename": "src/backend/tests/integration/components/bundles/cometapi/test_cometapi_integration.py",
        "hashed_secret": "18de8e8747c829741cc7fd44c0f801a10a1d2b5b",
        "is_verified": false,
        "line_number": 195
      }
    ],
    "src/backend/tests/integration/test_openai_streaming_comparison.py": [
      {
        "type": "Secret Keyword",
        "filename": "src/backend/tests/integration/test_openai_streaming_comparison.py",
        "hashed_secret": "829c3804401b0727f70f73d4415e162400cbe57b",
        "is_verified": false,
        "line_number": 56
      }
    ],
    "src/backend/tests/locust/README.md": [
      {
        "type": "Secret Keyword",
        "filename": "src/backend/tests/locust/README.md",
        "hashed_secret": "adfa4d3a74f7f661b4c6105469ebe5ee76cf02e1",
        "is_verified": false,
        "line_number": 145
      },
      {
        "type": "Secret Keyword",
        "filename": "src/backend/tests/locust/README.md",
        "hashed_secret": "11fa7c37d697f30e6aee828b4426a10f83ab2380",
        "is_verified": false,
        "line_number": 269
      }
    ],
    "src/backend/tests/locust/langflow_setup_test.py": [
      {
        "type": "Secret Keyword",
        "filename": "src/backend/tests/locust/langflow_setup_test.py",
        "hashed_secret": "e80c4f90316c87b6b24d03890493c8d1c7c1c99d",
        "is_verified": false,
        "line_number": 205
      }
    ],
    "src/backend/tests/unit/api/v1/test_api_key.py": [
      {
        "type": "Secret Keyword",
        "filename": "src/backend/tests/unit/api/v1/test_api_key.py",
        "hashed_secret": "ecb252044b5ea0f679ee78ec1a12904739e2904d",
        "is_verified": false,
        "line_number": 21,
        "is_secret": false
      }
    ],
    "src/backend/tests/unit/api/v1/test_files.py": [
      {
        "type": "Secret Keyword",
        "filename": "src/backend/tests/unit/api/v1/test_files.py",
        "hashed_secret": "61fbb5a12cd7b1f1fe1624120089efc0cd299e43",
        "is_verified": false,
        "line_number": 33,
        "is_secret": false
      }
    ],
    "src/backend/tests/unit/api/v1/test_flows.py": [
      {
        "type": "Secret Keyword",
        "filename": "src/backend/tests/unit/api/v1/test_flows.py",
        "hashed_secret": "8bb6118f8fd6935ad0876a3be34a717d32708ffd",
        "is_verified": false,
        "line_number": 216
      }
    ],
    "src/backend/tests/unit/api/v1/test_mcp_projects.py": [
      {
        "type": "Secret Keyword",
        "filename": "src/backend/tests/unit/api/v1/test_mcp_projects.py",
        "hashed_secret": "4258d43e3b1f9658067ceea9c682a96cbdbb5ca0",
        "is_verified": false,
        "line_number": 518
      }
    ],
    "src/backend/tests/unit/api/v1/test_users.py": [
      {
        "type": "Secret Keyword",
        "filename": "src/backend/tests/unit/api/v1/test_users.py",
        "hashed_secret": "ecb252044b5ea0f679ee78ec1a12904739e2904d",
        "is_verified": false,
        "line_number": 6,
        "is_secret": false
      },
      {
        "type": "Secret Keyword",
        "filename": "src/backend/tests/unit/api/v1/test_users.py",
        "hashed_secret": "f054ffc85b4c1615a7190ea0b248564bb1e9f9ab",
        "is_verified": false,
        "line_number": 73,
        "is_secret": false
      }
    ],
    "src/backend/tests/unit/api/v2/test_files.py": [
      {
        "type": "Secret Keyword",
        "filename": "src/backend/tests/unit/api/v2/test_files.py",
        "hashed_secret": "61fbb5a12cd7b1f1fe1624120089efc0cd299e43",
        "is_verified": false,
        "line_number": 30,
        "is_secret": false
      }
    ],
    "src/backend/tests/unit/base/load/test_load.py": [
      {
        "type": "Secret Keyword",
        "filename": "src/backend/tests/unit/base/load/test_load.py",
        "hashed_secret": "7aa10ce5d31e8d4bc6f0b5cf997173ff307e9172",
        "is_verified": false,
        "line_number": 48,
        "is_secret": false
      }
    ],
    "src/backend/tests/unit/components/bundles/cometapi/test_cometapi_component.py": [
      {
        "type": "Secret Keyword",
        "filename": "src/backend/tests/unit/components/bundles/cometapi/test_cometapi_component.py",
        "hashed_secret": "7d7048eaa43ebb90728877db61b4c016f9353229",
        "is_verified": false,
        "line_number": 20
      }
    ],
    "src/backend/tests/unit/components/bundles/google/test_google_bq_sql_executor_component.py": [
      {
        "type": "Private Key",
        "filename": "src/backend/tests/unit/components/bundles/google/test_google_bq_sql_executor_component.py",
        "hashed_secret": "1348b145fa1a555461c1b790a2f66614781091e9",
        "is_verified": false,
        "line_number": 32,
        "is_secret": false
      }
    ],
    "src/backend/tests/unit/components/bundles/langwatch/test_langwatch_component.py": [
      {
        "type": "Secret Keyword",
        "filename": "src/backend/tests/unit/components/bundles/langwatch/test_langwatch_component.py",
        "hashed_secret": "767ef7376d44bb6e52b390ddcd12c1cb1b3902a4",
        "is_verified": false,
        "line_number": 28
      }
    ],
    "src/backend/tests/unit/components/knowledge_bases/test_ingestion.py": [
      {
        "type": "Secret Keyword",
        "filename": "src/backend/tests/unit/components/knowledge_bases/test_ingestion.py",
        "hashed_secret": "2e7a7ee14caebf378fc32d6cf6f557f347c96773",
        "is_verified": false,
        "line_number": 139
      },
      {
        "type": "Secret Keyword",
        "filename": "src/backend/tests/unit/components/knowledge_bases/test_ingestion.py",
        "hashed_secret": "f7a75342741955b2b9b66b55a78e5061f321ff44",
        "is_verified": false,
        "line_number": 191
      },
      {
        "type": "Secret Keyword",
        "filename": "src/backend/tests/unit/components/knowledge_bases/test_ingestion.py",
        "hashed_secret": "6367c48dd193d56ea7b0baad25b19455e529f5ee",
        "is_verified": false,
        "line_number": 323
      }
    ],
    "src/backend/tests/unit/components/knowledge_bases/test_retrieval.py": [
      {
        "type": "Secret Keyword",
        "filename": "src/backend/tests/unit/components/knowledge_bases/test_retrieval.py",
        "hashed_secret": "f7a75342741955b2b9b66b55a78e5061f321ff44",
        "is_verified": false,
        "line_number": 148
      },
      {
        "type": "Secret Keyword",
        "filename": "src/backend/tests/unit/components/knowledge_bases/test_retrieval.py",
        "hashed_secret": "2e7a7ee14caebf378fc32d6cf6f557f347c96773",
        "is_verified": false,
        "line_number": 187
      },
      {
        "type": "Secret Keyword",
        "filename": "src/backend/tests/unit/components/knowledge_bases/test_retrieval.py",
        "hashed_secret": "3acfb2c2b433c0ea7ff107e33df91b18e52f960f",
        "is_verified": false,
        "line_number": 253
      },
      {
        "type": "Secret Keyword",
        "filename": "src/backend/tests/unit/components/knowledge_bases/test_retrieval.py",
        "hashed_secret": "b0a5284bef5de667cb89f7b30213036d75ef68e4",
        "is_verified": false,
        "line_number": 278
      },
      {
        "type": "Secret Keyword",
        "filename": "src/backend/tests/unit/components/knowledge_bases/test_retrieval.py",
        "hashed_secret": "3d3c09dc9101fcd18909dd4071d6429141ec1bef",
        "is_verified": false,
        "line_number": 291
      }
    ],
    "src/backend/tests/unit/components/languagemodels/test_chatollama_component.py": [
      {
        "type": "Secret Keyword",
        "filename": "src/backend/tests/unit/components/languagemodels/test_chatollama_component.py",
        "hashed_secret": "74ba31d41223751c75cc0a453dd7df04889bdc72",
        "is_verified": false,
        "line_number": 819
      },
      {
        "type": "Secret Keyword",
        "filename": "src/backend/tests/unit/components/languagemodels/test_chatollama_component.py",
        "hashed_secret": "472100b49debe0ea8a5d0d994475240c69af00d9",
        "is_verified": false,
        "line_number": 842
      },
      {
        "type": "Secret Keyword",
        "filename": "src/backend/tests/unit/components/languagemodels/test_chatollama_component.py",
        "hashed_secret": "3acfb2c2b433c0ea7ff107e33df91b18e52f960f",
        "is_verified": false,
        "line_number": 1029
      }
    ],
    "src/backend/tests/unit/components/languagemodels/test_deepseek.py": [
      {
        "type": "Secret Keyword",
        "filename": "src/backend/tests/unit/components/languagemodels/test_deepseek.py",
        "hashed_secret": "3acfb2c2b433c0ea7ff107e33df91b18e52f960f",
        "is_verified": false,
        "line_number": 60,
        "is_secret": false
      },
      {
        "type": "Secret Keyword",
        "filename": "src/backend/tests/unit/components/languagemodels/test_deepseek.py",
        "hashed_secret": "3bee216ebc256d692260fc3adc765050508fef5e",
        "is_verified": false,
        "line_number": 106,
        "is_secret": false
      }
    ],
    "src/backend/tests/unit/components/languagemodels/test_openai_model.py": [
      {
        "type": "Secret Keyword",
        "filename": "src/backend/tests/unit/components/languagemodels/test_openai_model.py",
        "hashed_secret": "2e7a7ee14caebf378fc32d6cf6f557f347c96773",
        "is_verified": false,
        "line_number": 24
      }
    ],
    "src/backend/tests/unit/components/languagemodels/test_xai.py": [
      {
        "type": "Secret Keyword",
        "filename": "src/backend/tests/unit/components/languagemodels/test_xai.py",
        "hashed_secret": "9139236dfe89960fee34d53b6089795fe376682e",
        "is_verified": false,
        "line_number": 30,
        "is_secret": false
      },
      {
        "type": "Secret Keyword",
        "filename": "src/backend/tests/unit/components/languagemodels/test_xai.py",
        "hashed_secret": "3acfb2c2b433c0ea7ff107e33df91b18e52f960f",
        "is_verified": false,
        "line_number": 98,
        "is_secret": false
      },
      {
        "type": "Secret Keyword",
        "filename": "src/backend/tests/unit/components/languagemodels/test_xai.py",
        "hashed_secret": "3bee216ebc256d692260fc3adc765050508fef5e",
        "is_verified": false,
        "line_number": 150,
        "is_secret": false
      }
    ],
    "src/backend/tests/unit/components/models/test_embedding_model_component.py": [
      {
        "type": "Secret Keyword",
        "filename": "src/backend/tests/unit/components/models/test_embedding_model_component.py",
        "hashed_secret": "2e7a7ee14caebf378fc32d6cf6f557f347c96773",
        "is_verified": false,
        "line_number": 25,
        "is_secret": false
      },
      {
        "type": "Secret Keyword",
        "filename": "src/backend/tests/unit/components/models/test_embedding_model_component.py",
        "hashed_secret": "3acfb2c2b433c0ea7ff107e33df91b18e52f960f",
        "is_verified": false,
        "line_number": 98,
        "is_secret": false
      }
    ],
    "src/backend/tests/unit/components/models/test_language_model_component.py": [
      {
        "type": "Secret Keyword",
        "filename": "src/backend/tests/unit/components/models/test_language_model_component.py",
        "hashed_secret": "2e7a7ee14caebf378fc32d6cf6f557f347c96773",
        "is_verified": false,
        "line_number": 25,
        "is_secret": false
      },
      {
        "type": "Secret Keyword",
        "filename": "src/backend/tests/unit/components/models/test_language_model_component.py",
        "hashed_secret": "69dba6dfc0be932d10cdbfaae770c300cd7e0e3c",
        "is_verified": false,
        "line_number": 100
      },
      {
        "type": "Secret Keyword",
        "filename": "src/backend/tests/unit/components/models/test_language_model_component.py",
        "hashed_secret": "60dae6886103a20b3fd75814ece38eb861246083",
        "is_verified": false,
        "line_number": 117
      },
      {
        "type": "Secret Keyword",
        "filename": "src/backend/tests/unit/components/models/test_language_model_component.py",
        "hashed_secret": "def8ea5f5fccca7b36fe20a520a8bcc431d87d88",
        "is_verified": false,
        "line_number": 134
      }
    ],
    "src/backend/tests/unit/components/search/test_google_search_api.py": [
      {
        "type": "Secret Keyword",
        "filename": "src/backend/tests/unit/components/search/test_google_search_api.py",
        "hashed_secret": "767ef7376d44bb6e52b390ddcd12c1cb1b3902a4",
        "is_verified": false,
        "line_number": 19,
        "is_secret": false
      }
    ],
    "src/backend/tests/unit/components/search/test_google_serper_api_core.py": [
      {
        "type": "Secret Keyword",
        "filename": "src/backend/tests/unit/components/search/test_google_serper_api_core.py",
        "hashed_secret": "767ef7376d44bb6e52b390ddcd12c1cb1b3902a4",
        "is_verified": false,
        "line_number": 52,
        "is_secret": false
      }
    ],
    "src/backend/tests/unit/components/tools/test_serp_api.py": [
      {
        "type": "Secret Keyword",
        "filename": "src/backend/tests/unit/components/tools/test_serp_api.py",
        "hashed_secret": "3acfb2c2b433c0ea7ff107e33df91b18e52f960f",
        "is_verified": false,
        "line_number": 40,
        "is_secret": false
      }
    ],
    "src/backend/tests/unit/initial_setup/starter_projects/test_memory_chatbot.py": [
      {
        "type": "Secret Keyword",
        "filename": "src/backend/tests/unit/initial_setup/starter_projects/test_memory_chatbot.py",
        "hashed_secret": "767ef7376d44bb6e52b390ddcd12c1cb1b3902a4",
        "is_verified": false,
        "line_number": 38,
        "is_secret": false
      }
    ],
    "src/backend/tests/unit/initial_setup/starter_projects/test_vector_store_rag.py": [
      {
        "type": "Secret Keyword",
        "filename": "src/backend/tests/unit/initial_setup/starter_projects/test_vector_store_rag.py",
        "hashed_secret": "fb0123cbab73d8a58896fbe39b8b7b5b6df15c5e",
        "is_verified": false,
        "line_number": 30,
        "is_secret": false
      }
    ],
    "src/backend/tests/unit/interface/initialize/test_loading.py": [
      {
        "type": "Secret Keyword",
        "filename": "src/backend/tests/unit/interface/initialize/test_loading.py",
        "hashed_secret": "65882b5e8dbab0e649474b2a626c1d24e1b317f5",
        "is_verified": false,
        "line_number": 18
      },
      {
        "type": "Secret Keyword",
        "filename": "src/backend/tests/unit/interface/initialize/test_loading.py",
        "hashed_secret": "6af5a378fdb0e7d397c9f47c744e5e14195c0228",
        "is_verified": false,
        "line_number": 26
      },
      {
        "type": "Secret Keyword",
        "filename": "src/backend/tests/unit/interface/initialize/test_loading.py",
        "hashed_secret": "425697fa9692ea5035739863d2481dbfcddfa31f",
        "is_verified": false,
        "line_number": 75
      },
      {
        "type": "Secret Keyword",
        "filename": "src/backend/tests/unit/interface/initialize/test_loading.py",
        "hashed_secret": "720e215bd26587c3f3c482b63f7fd9d6a384b076",
        "is_verified": false,
        "line_number": 94
      },
      {
        "type": "Secret Keyword",
        "filename": "src/backend/tests/unit/interface/initialize/test_loading.py",
        "hashed_secret": "b671351c066092d76821f7f13ed7356e16db335e",
        "is_verified": false,
        "line_number": 116
      },
      {
        "type": "Secret Keyword",
        "filename": "src/backend/tests/unit/interface/initialize/test_loading.py",
        "hashed_secret": "8aca50283f32858dc0592c0855803fc70abda920",
        "is_verified": false,
        "line_number": 139
      }
    ],
    "src/backend/tests/unit/services/auth/test_mcp_encryption.py": [
      {
        "type": "Secret Keyword",
        "filename": "src/backend/tests/unit/services/auth/test_mcp_encryption.py",
        "hashed_secret": "269dd0b5fb49b2769afea09770a7d65d724ef0cb",
        "is_verified": false,
        "line_number": 41
      },
      {
        "type": "Secret Keyword",
        "filename": "src/backend/tests/unit/services/auth/test_mcp_encryption.py",
        "hashed_secret": "82ecc02bf02cb27a4c647e47cc9a6602b1477eca",
        "is_verified": false,
        "line_number": 122
      },
      {
        "type": "Secret Keyword",
        "filename": "src/backend/tests/unit/services/auth/test_mcp_encryption.py",
        "hashed_secret": "290180f809e70dd1bc99a4c65bd669f43dde426d",
        "is_verified": false,
        "line_number": 143
      }
    ],
    "src/backend/tests/unit/services/tracing/test_tracing_service.py": [
      {
        "type": "Secret Keyword",
        "filename": "src/backend/tests/unit/services/tracing/test_tracing_service.py",
        "hashed_secret": "1230f71eec8a61a625a18b6fa03b9bdd046a8931",
        "is_verified": false,
        "line_number": 357,
        "is_secret": false
      },
      {
        "type": "Secret Keyword",
        "filename": "src/backend/tests/unit/services/tracing/test_tracing_service.py",
        "hashed_secret": "2d63069839e1cab99da0a0bbbbeb8f2ceb455cc8",
        "is_verified": false,
        "line_number": 358,
        "is_secret": false
      },
      {
        "type": "Secret Keyword",
        "filename": "src/backend/tests/unit/services/tracing/test_tracing_service.py",
        "hashed_secret": "3b96880b8e11758bbf9796b9cd90aaa3ab4bab6e",
        "is_verified": false,
        "line_number": 359,
        "is_secret": false
      }
    ],
    "src/backend/tests/unit/services/variable/test_service.py": [
      {
        "type": "Secret Keyword",
        "filename": "src/backend/tests/unit/services/variable/test_service.py",
        "hashed_secret": "30abc0a833efea23496b4d226fffa2f90c0855c0",
        "is_verified": false,
        "line_number": 39,
        "is_secret": false
      }
    ],
    "src/backend/tests/unit/test_api_key.py": [
      {
        "type": "Secret Keyword",
        "filename": "src/backend/tests/unit/test_api_key.py",
        "hashed_secret": "2e7a7ee14caebf378fc32d6cf6f557f347c96773",
        "is_verified": false,
        "line_number": 32,
        "is_secret": false
      }
    ],
    "src/backend/tests/unit/test_initial_setup.py": [
      {
        "type": "Base64 High Entropy String",
        "filename": "src/backend/tests/unit/test_initial_setup.py",
        "hashed_secret": "97665ff5eecf8fe96f0462b2d08ed2a2270b4277",
        "is_verified": false,
        "line_number": 258,
        "is_secret": false
      }
    ],
    "src/backend/tests/unit/test_login.py": [
      {
        "type": "Secret Keyword",
        "filename": "src/backend/tests/unit/test_login.py",
        "hashed_secret": "8bb6118f8fd6935ad0876a3be34a717d32708ffd",
        "is_verified": false,
        "line_number": 27,
        "is_secret": false
      },
      {
        "type": "Secret Keyword",
        "filename": "src/backend/tests/unit/test_login.py",
        "hashed_secret": "d8ecf7db8fc9ec9c31bc5c9ae2929cc599c75f8d",
        "is_verified": false,
        "line_number": 43,
        "is_secret": false
      }
    ],
    "src/backend/tests/unit/test_setup_superuser.py": [
      {
        "type": "Secret Keyword",
        "filename": "src/backend/tests/unit/test_setup_superuser.py",
        "hashed_secret": "5baa61e4c9b93f3f0682250b6cf8331b7ee68fd8",
        "is_verified": false,
        "line_number": 60,
        "is_secret": false
      }
    ],
    "src/backend/tests/unit/test_setup_superuser_flow.py": [
      {
        "type": "Secret Keyword",
        "filename": "src/backend/tests/unit/test_setup_superuser_flow.py",
        "hashed_secret": "6b7065a54fddbb64d6fbe6c4ce55cc668e8a3511",
        "is_verified": false,
        "line_number": 168
      }
    ],
    "src/backend/tests/unit/test_simple_agent_in_lfx_run.py": [
      {
        "type": "Secret Keyword",
        "filename": "src/backend/tests/unit/test_simple_agent_in_lfx_run.py",
        "hashed_secret": "3acfb2c2b433c0ea7ff107e33df91b18e52f960f",
        "is_verified": false,
        "line_number": 250
      }
    ],
    "src/backend/tests/unit/test_user.py": [
      {
        "type": "Secret Keyword",
        "filename": "src/backend/tests/unit/test_user.py",
        "hashed_secret": "8bb6118f8fd6935ad0876a3be34a717d32708ffd",
        "is_verified": false,
        "line_number": 71,
        "is_secret": false
      },
      {
        "type": "Secret Keyword",
        "filename": "src/backend/tests/unit/test_user.py",
        "hashed_secret": "f2c57870308dc87f432e5912d4de6f8e322721ba",
        "is_verified": false,
        "line_number": 209,
        "is_secret": false
      }
    ],
    "src/backend/tests/unit/utils/test_util_strings.py": [
      {
        "type": "Basic Auth Credentials",
        "filename": "src/backend/tests/unit/utils/test_util_strings.py",
        "hashed_secret": "9d4e1e23bd5b727046a9e3b4b7db57bd8d6ee684",
        "is_verified": false,
        "line_number": 12,
        "is_secret": false
      },
      {
        "type": "Basic Auth Credentials",
        "filename": "src/backend/tests/unit/utils/test_util_strings.py",
        "hashed_secret": "46e3d772a1888eadff26c7ada47fd7502d796e07",
        "is_verified": false,
        "line_number": 13,
        "is_secret": false
      },
      {
        "type": "Basic Auth Credentials",
        "filename": "src/backend/tests/unit/utils/test_util_strings.py",
        "hashed_secret": "9d8804827132a6fbf7674cffc775fd948ecc0649",
        "is_verified": false,
        "line_number": 14,
        "is_secret": false
      }
    ],
    "src/frontend/src/CustomNodes/GenericNode/components/NodeStatus/index.tsx": [
      {
        "type": "Secret Keyword",
        "filename": "src/frontend/src/CustomNodes/GenericNode/components/NodeStatus/index.tsx",
        "hashed_secret": "1fc7e28f6929181fa221e6ead6d9a07b4dd4ddfe",
        "is_verified": false,
        "line_number": 352
      }
    ],
    "src/frontend/src/components/core/parameterRenderComponent/components/queryComponent/index.tsx": [
      {
        "type": "Secret Keyword",
        "filename": "src/frontend/src/components/core/parameterRenderComponent/components/queryComponent/index.tsx",
        "hashed_secret": "5baa61e4c9b93f3f0682250b6cf8331b7ee68fd8",
        "is_verified": false,
        "line_number": 18,
        "is_secret": false
      }
    ],
    "src/frontend/src/components/core/parameterRenderComponent/components/textAreaComponent/index.tsx": [
      {
        "type": "Secret Keyword",
        "filename": "src/frontend/src/components/core/parameterRenderComponent/components/textAreaComponent/index.tsx",
        "hashed_secret": "5baa61e4c9b93f3f0682250b6cf8331b7ee68fd8",
        "is_verified": false,
        "line_number": 21,
        "is_secret": false
      }
    ],
    "src/frontend/src/constants/alerts_constants.tsx": [
      {
        "type": "Secret Keyword",
        "filename": "src/frontend/src/constants/alerts_constants.tsx",
        "hashed_secret": "d2c98a3ccd3706c8e941300f1ac53c8ae293b69e",
        "is_verified": false,
        "line_number": 33,
        "is_secret": false
      },
      {
        "type": "Secret Keyword",
        "filename": "src/frontend/src/constants/alerts_constants.tsx",
        "hashed_secret": "d69c3b1ac54be7da3666d9937b9c78e7c309d6e8",
        "is_verified": false,
        "line_number": 34,
        "is_secret": false
      },
      {
        "type": "Secret Keyword",
        "filename": "src/frontend/src/constants/alerts_constants.tsx",
        "hashed_secret": "af58392e77ee336caf0d1aad15057ad0745985e5",
        "is_verified": false,
        "line_number": 39,
        "is_secret": false
      }
    ],
    "src/frontend/src/constants/constants.ts": [
      {
        "type": "Secret Keyword",
        "filename": "src/frontend/src/constants/constants.ts",
        "hashed_secret": "19a2fbd0dd38b4097f419c962342ef5e109eab07",
        "is_verified": false,
        "line_number": 754,
        "is_secret": false
      },
      {
        "type": "Secret Keyword",
        "filename": "src/frontend/src/constants/constants.ts",
        "hashed_secret": "3806954324550e26ef5de85d007f1746825a073c",
        "is_verified": false,
        "line_number": 755,
        "is_secret": false
      },
      {
        "type": "Secret Keyword",
        "filename": "src/frontend/src/constants/constants.ts",
        "hashed_secret": "c04f8fbf55c9096907a982750b1c6b0e4c1dd658",
        "is_verified": false,
        "line_number": 930,
        "is_secret": false
      }
    ],
    "src/frontend/src/controllers/API/helpers/constants.ts": [
      {
        "type": "Secret Keyword",
        "filename": "src/frontend/src/controllers/API/helpers/constants.ts",
        "hashed_secret": "665b1e3851eefefa3fb878654292f16597d25155",
        "is_verified": false,
        "line_number": 5,
        "is_secret": false
      }
    ],
    "src/frontend/src/icons/Azure/Azure.jsx": [
      {
        "type": "Hex High Entropy String",
        "filename": "src/frontend/src/icons/Azure/Azure.jsx",
        "hashed_secret": "f14881dba07b6ef7d83c718786c690f15f15d094",
        "is_verified": false,
        "line_number": 12,
        "is_secret": false
      },
      {
        "type": "Hex High Entropy String",
        "filename": "src/frontend/src/icons/Azure/Azure.jsx",
        "hashed_secret": "9685da6e6f46496dbb7f7b7c342e32545b98546f",
        "is_verified": false,
        "line_number": 18,
        "is_secret": false
      }
    ],
    "src/frontend/src/icons/Postgres/Postgres.jsx": [
      {
        "type": "Hex High Entropy String",
        "filename": "src/frontend/src/icons/Postgres/Postgres.jsx",
        "hashed_secret": "7d4828001532cf24b2f4a5a09ff614478a8f4df3",
        "is_verified": false,
        "line_number": 16,
        "is_secret": false
      },
      {
        "type": "Hex High Entropy String",
        "filename": "src/frontend/src/icons/Postgres/Postgres.jsx",
        "hashed_secret": "2b2285b2c97ee645977dc1757299e0df2ec266ec",
        "is_verified": false,
        "line_number": 33,
        "is_secret": false
      }
    ],
    "src/frontend/src/icons/VectaraIcon/Vectara.jsx": [
      {
        "type": "Hex High Entropy String",
        "filename": "src/frontend/src/icons/VectaraIcon/Vectara.jsx",
        "hashed_secret": "ad12133e37f762cfdb830ad4a69d3aa2439a8d49",
        "is_verified": false,
        "line_number": 23,
        "is_secret": false
      }
    ],
    "src/frontend/src/modals/IOModal/components/chatView/chatInput/components/voice-assistant/voice-assistant.tsx": [
      {
        "type": "Secret Keyword",
        "filename": "src/frontend/src/modals/IOModal/components/chatView/chatInput/components/voice-assistant/voice-assistant.tsx",
        "hashed_secret": "02ecb94373bfb3dfe827ca18409f50b016e8302a",
        "is_verified": false,
        "line_number": 312,
        "is_secret": false
      },
      {
        "type": "Secret Keyword",
        "filename": "src/frontend/src/modals/IOModal/components/chatView/chatInput/components/voice-assistant/voice-assistant.tsx",
        "hashed_secret": "1b447eca6f69c26354668f050d0c2cc893605aa5",
        "is_verified": false,
        "line_number": 314,
        "is_secret": false
      }
    ],
    "src/frontend/src/modals/apiModal/utils/__tests__/api-snippet-generation.test.ts": [
      {
        "type": "Secret Keyword",
        "filename": "src/frontend/src/modals/apiModal/utils/__tests__/api-snippet-generation.test.ts",
        "hashed_secret": "d2aed6fe1b9fb7f48da133fbae832118dc50d36f",
        "is_verified": false,
        "line_number": 111
      }
    ],
    "src/frontend/src/modals/apiModal/utils/get-js-api-code.tsx": [
      {
        "type": "Secret Keyword",
        "filename": "src/frontend/src/modals/apiModal/utils/get-js-api-code.tsx",
        "hashed_secret": "d2aed6fe1b9fb7f48da133fbae832118dc50d36f",
        "is_verified": false,
        "line_number": 45
      }
    ],
    "src/frontend/src/modals/apiModal/utils/get-python-api-code.tsx": [
      {
        "type": "Secret Keyword",
        "filename": "src/frontend/src/modals/apiModal/utils/get-python-api-code.tsx",
        "hashed_secret": "d2aed6fe1b9fb7f48da133fbae832118dc50d36f",
        "is_verified": false,
        "line_number": 40
      }
    ],
    "src/frontend/src/utils/mcpUtils.ts": [
      {
        "type": "Secret Keyword",
        "filename": "src/frontend/src/utils/mcpUtils.ts",
        "hashed_secret": "d4c3d66fd0c38547a3c7a4c6bdc29c36911bc030",
        "is_verified": false,
        "line_number": 5
      }
    ],
    "src/frontend/tests/assets/group_test_iadevs.json": [
      {
        "type": "Base64 High Entropy String",
        "filename": "src/frontend/tests/assets/group_test_iadevs.json",
        "hashed_secret": "eb45f77314f672a9905ecd7f6ed1735861223a22",
        "is_verified": false,
        "line_number": 103,
        "is_secret": false
      }
    ],
    "src/frontend/tests/core/features/user-flow-state-cleanup.spec.ts": [
      {
        "type": "Secret Keyword",
        "filename": "src/frontend/tests/core/features/user-flow-state-cleanup.spec.ts",
        "hashed_secret": "66904568acfa1e59b8b072cbe602e0ba3688019c",
        "is_verified": false,
        "line_number": 36,
        "is_secret": false
      }
    ],
    "src/lfx/src/lfx/_assets/component_index.json": [
      {
        "type": "Private Key",
        "filename": "src/lfx/src/lfx/_assets/component_index.json",
        "hashed_secret": "1348b145fa1a555461c1b790a2f66614781091e9",
        "is_verified": false,
        "line_number": 1
      }
    ],
    "src/lfx/src/lfx/cli/serve_app.py": [
      {
        "type": "Secret Keyword",
        "filename": "src/lfx/src/lfx/cli/serve_app.py",
        "hashed_secret": "b894b81be94cf8fa8d7536475aaec876addf05c8",
        "is_verified": false,
        "line_number": 40
      }
    ],
    "src/lfx/src/lfx/components/mem0/mem0_chat_memory.py": [
      {
        "type": "Secret Keyword",
        "filename": "src/lfx/src/lfx/components/mem0/mem0_chat_memory.py",
        "hashed_secret": "45d676e7c6ab44cf4b8fa366ef2d8fccd3e6d6e6",
        "is_verified": false,
        "line_number": 29
      }
    ],
    "src/lfx/src/lfx/components/mongodb/mongodb_atlas.py": [
      {
        "type": "Private Key",
        "filename": "src/lfx/src/lfx/components/mongodb/mongodb_atlas.py",
        "hashed_secret": "1348b145fa1a555461c1b790a2f66614781091e9",
        "is_verified": false,
        "line_number": 31
      }
    ],
    "src/lfx/src/lfx/inputs/input_mixin.py": [
      {
        "type": "Secret Keyword",
        "filename": "src/lfx/src/lfx/inputs/input_mixin.py",
        "hashed_secret": "3442496b96dd01591a8cd44b1eec1368ab728aba",
        "is_verified": false,
        "line_number": 21
      }
    ],
    "src/lfx/src/lfx/schema/table.py": [
      {
        "type": "Secret Keyword",
        "filename": "src/lfx/src/lfx/schema/table.py",
        "hashed_secret": "5baa61e4c9b93f3f0682250b6cf8331b7ee68fd8",
        "is_verified": false,
        "line_number": 114
      }
    ],
    "src/lfx/tests/data/starter_projects_1_6_0/Basic Prompting.json": [
      {
        "type": "Hex High Entropy String",
        "filename": "src/lfx/tests/data/starter_projects_1_6_0/Basic Prompting.json",
        "hashed_secret": "377e839f86c1529c656c82599fb225b4a1261ed5",
        "is_verified": false,
        "line_number": 343
      }
    ],
    "src/lfx/tests/data/starter_projects_1_6_0/Blog Writer.json": [
      {
        "type": "Hex High Entropy String",
        "filename": "src/lfx/tests/data/starter_projects_1_6_0/Blog Writer.json",
        "hashed_secret": "377e839f86c1529c656c82599fb225b4a1261ed5",
        "is_verified": false,
        "line_number": 180
      }
    ],
    "src/lfx/tests/data/starter_projects_1_6_0/Custom Component Generator.json": [
      {
        "type": "Hex High Entropy String",
        "filename": "src/lfx/tests/data/starter_projects_1_6_0/Custom Component Generator.json",
        "hashed_secret": "377e839f86c1529c656c82599fb225b4a1261ed5",
        "is_verified": false,
        "line_number": 563
      }
    ],
    "src/lfx/tests/data/starter_projects_1_6_0/Document Q&A.json": [
      {
        "type": "Hex High Entropy String",
        "filename": "src/lfx/tests/data/starter_projects_1_6_0/Document Q&A.json",
        "hashed_secret": "377e839f86c1529c656c82599fb225b4a1261ed5",
        "is_verified": false,
        "line_number": 635
      }
    ],
    "src/lfx/tests/data/starter_projects_1_6_0/Hybrid Search RAG.json": [
      {
        "type": "Hex High Entropy String",
        "filename": "src/lfx/tests/data/starter_projects_1_6_0/Hybrid Search RAG.json",
        "hashed_secret": "da3146ee22694a3b79bedbeae8842f85384f3431",
        "is_verified": false,
        "line_number": 1039
      }
    ],
    "src/lfx/tests/data/starter_projects_1_6_0/Image Sentiment Analysis.json": [
      {
        "type": "Hex High Entropy String",
        "filename": "src/lfx/tests/data/starter_projects_1_6_0/Image Sentiment Analysis.json",
        "hashed_secret": "377e839f86c1529c656c82599fb225b4a1261ed5",
        "is_verified": false,
        "line_number": 725
      }
    ],
    "src/lfx/tests/data/starter_projects_1_6_0/Instagram Copywriter.json": [
      {
        "type": "Hex High Entropy String",
        "filename": "src/lfx/tests/data/starter_projects_1_6_0/Instagram Copywriter.json",
        "hashed_secret": "377e839f86c1529c656c82599fb225b4a1261ed5",
        "is_verified": false,
        "line_number": 552
      }
    ],
    "src/lfx/tests/data/starter_projects_1_6_0/Invoice Summarizer.json": [
      {
        "type": "Hex High Entropy String",
        "filename": "src/lfx/tests/data/starter_projects_1_6_0/Invoice Summarizer.json",
        "hashed_secret": "377e839f86c1529c656c82599fb225b4a1261ed5",
        "is_verified": false,
        "line_number": 174
      }
    ],
    "src/lfx/tests/data/starter_projects_1_6_0/Meeting Summary.json": [
      {
        "type": "Hex High Entropy String",
        "filename": "src/lfx/tests/data/starter_projects_1_6_0/Meeting Summary.json",
        "hashed_secret": "377e839f86c1529c656c82599fb225b4a1261ed5",
        "is_verified": false,
        "line_number": 470
      }
    ],
    "src/lfx/tests/data/starter_projects_1_6_0/Memory Chatbot.json": [
      {
        "type": "Hex High Entropy String",
        "filename": "src/lfx/tests/data/starter_projects_1_6_0/Memory Chatbot.json",
        "hashed_secret": "377e839f86c1529c656c82599fb225b4a1261ed5",
        "is_verified": false,
        "line_number": 645
      }
    ],
    "src/lfx/tests/data/starter_projects_1_6_0/Research Agent.json": [
      {
        "type": "Hex High Entropy String",
        "filename": "src/lfx/tests/data/starter_projects_1_6_0/Research Agent.json",
        "hashed_secret": "377e839f86c1529c656c82599fb225b4a1261ed5",
        "is_verified": false,
        "line_number": 319
      }
    ],
    "src/lfx/tests/data/starter_projects_1_6_0/SEO Keyword Generator.json": [
      {
        "type": "Hex High Entropy String",
        "filename": "src/lfx/tests/data/starter_projects_1_6_0/SEO Keyword Generator.json",
        "hashed_secret": "377e839f86c1529c656c82599fb225b4a1261ed5",
        "is_verified": false,
        "line_number": 122
      }
    ],
    "src/lfx/tests/data/starter_projects_1_6_0/SaaS Pricing.json": [
      {
        "type": "Hex High Entropy String",
        "filename": "src/lfx/tests/data/starter_projects_1_6_0/SaaS Pricing.json",
        "hashed_secret": "377e839f86c1529c656c82599fb225b4a1261ed5",
        "is_verified": false,
        "line_number": 119
      }
    ],
    "src/lfx/tests/data/starter_projects_1_6_0/Sequential Tasks Agents.json": [
      {
        "type": "Hex High Entropy String",
        "filename": "src/lfx/tests/data/starter_projects_1_6_0/Sequential Tasks Agents.json",
        "hashed_secret": "377e839f86c1529c656c82599fb225b4a1261ed5",
        "is_verified": false,
        "line_number": 1649
      }
    ],
    "src/lfx/tests/data/starter_projects_1_6_0/Twitter Thread Generator.json": [
      {
        "type": "Hex High Entropy String",
        "filename": "src/lfx/tests/data/starter_projects_1_6_0/Twitter Thread Generator.json",
        "hashed_secret": "377e839f86c1529c656c82599fb225b4a1261ed5",
        "is_verified": false,
        "line_number": 1433
      }
    ],
    "src/lfx/tests/data/starter_projects_1_6_0/Vector Store RAG.json": [
      {
        "type": "Hex High Entropy String",
        "filename": "src/lfx/tests/data/starter_projects_1_6_0/Vector Store RAG.json",
        "hashed_secret": "377e839f86c1529c656c82599fb225b4a1261ed5",
        "is_verified": false,
        "line_number": 551
      }
    ],
    "src/lfx/tests/data/vector_store_grouped.json": [
      {
        "type": "Base64 High Entropy String",
        "filename": "src/lfx/tests/data/vector_store_grouped.json",
        "hashed_secret": "235edeaf33250eafce9270c364af8a7fcbb9b110",
        "is_verified": false,
        "line_number": 1
      },
      {
        "type": "Base64 High Entropy String",
        "filename": "src/lfx/tests/data/vector_store_grouped.json",
        "hashed_secret": "99dd7eb59ef1cd6c5a11e6c737bda80db54612a2",
        "is_verified": false,
        "line_number": 1
      },
      {
        "type": "Base64 High Entropy String",
        "filename": "src/lfx/tests/data/vector_store_grouped.json",
        "hashed_secret": "a6865946da108064ab17a0cf4518c151a006b810",
        "is_verified": false,
        "line_number": 1
      }
    ],
    "src/lfx/tests/unit/cli/test_serve_simple.py": [
      {
        "type": "Secret Keyword",
        "filename": "src/lfx/tests/unit/cli/test_serve_simple.py",
        "hashed_secret": "3acfb2c2b433c0ea7ff107e33df91b18e52f960f",
        "is_verified": false,
        "line_number": 67
      }
    ],
    "src/lfx/tests/unit/cli/test_validation.py": [
      {
        "type": "Secret Keyword",
        "filename": "src/lfx/tests/unit/cli/test_validation.py",
        "hashed_secret": "a4ba54143d6fed968c3590b8afea723b2f667c7e",
        "is_verified": false,
        "line_number": 68
      },
      {
        "type": "Secret Keyword",
        "filename": "src/lfx/tests/unit/cli/test_validation.py",
        "hashed_secret": "5dd49cd4eee72b881679880269fa15cacfb22136",
        "is_verified": false,
        "line_number": 91
      },
      {
        "type": "Secret Keyword",
        "filename": "src/lfx/tests/unit/cli/test_validation.py",
        "hashed_secret": "f8ca0d7266886f4b5be9adddc9b66017b3bf1a4b",
        "is_verified": false,
        "line_number": 98
      },
      {
        "type": "Secret Keyword",
        "filename": "src/lfx/tests/unit/cli/test_validation.py",
        "hashed_secret": "95e7ef55cfb1e2ae5385621e9dc12ee2b6b209c6",
        "is_verified": false,
        "line_number": 127
      },
      {
        "type": "Secret Keyword",
        "filename": "src/lfx/tests/unit/cli/test_validation.py",
        "hashed_secret": "48e9d513cb12b7ac97a617de7400a8b7f1a2694c",
        "is_verified": false,
        "line_number": 237
      }
    ]
  },
  "generated_at": "2025-12-23T14:50:19Z"
}
