{
  "version": "1.5.0",
  "plugins_used": [
    {
      "name": "ArtifactoryDetector"
    },
    {
      "name": "AWSKeyDetector"
    },
    {
      "name": "AzureStorageKeyDetector"
    },
    {
      "name": "Base64HighEntropyString",
      "limit": 4.5
    },
    {
      "name": "BasicAuthDetector"
    },
    {
      "name": "CloudantDetector"
    },
    {
      "name": "DiscordBotTokenDetector"
    },
    {
      "name": "GitHubTokenDetector"
    },
    {
      "name": "GitLabTokenDetector"
    },
    {
      "name": "HexHighEntropyString",
      "limit": 3.0
    },
    {
      "name": "IbmCloudIamDetector"
    },
    {
      "name": "IbmCosHmacDetector"
    },
    {
      "name": "IPPublicDetector"
    },
    {
      "name": "JwtTokenDetector"
    },
    {
      "name": "KeywordDetector",
      "keyword_exclude": ""
    },
    {
      "name": "MailchimpDetector"
    },
    {
      "name": "NpmDetector"
    },
    {
      "name": "OpenAIDetector"
    },
    {
      "name": "PrivateKeyDetector"
    },
    {
      "name": "PypiTokenDetector"
    },
    {
      "name": "SendGridDetector"
    },
    {
      "name": "SlackDetector"
    },
    {
      "name": "SoftlayerDetector"
    },
    {
      "name": "SquareOAuthDetector"
    },
    {
      "name": "StripeDetector"
    },
    {
      "name": "TelegramBotTokenDetector"
    },
    {
      "name": "TwilioKeyDetector"
    }
  ],
  "filters_used": [
    {
      "path": "detect_secrets.filters.allowlist.is_line_allowlisted"
    },
    {
      "path": "detect_secrets.filters.common.is_ignored_due_to_verification_policies",
      "min_level": 2
    },
    {
      "path": "detect_secrets.filters.heuristic.is_indirect_reference"
    },
    {
      "path": "detect_secrets.filters.heuristic.is_likely_id_string"
    },
    {
      "path": "detect_secrets.filters.heuristic.is_lock_file"
    },
    {
      "path": "detect_secrets.filters.heuristic.is_not_alphanumeric_string"
    },
    {
      "path": "detect_secrets.filters.heuristic.is_potential_uuid"
    },
    {
      "path": "detect_secrets.filters.heuristic.is_prefixed_with_dollar_sign"
    },
    {
      "path": "detect_secrets.filters.heuristic.is_sequential_string"
    },
    {
      "path": "detect_secrets.filters.heuristic.is_swagger_file"
    },
    {
      "path": "detect_secrets.filters.heuristic.is_templated_secret"
    }
  ],
  "results": {
    ".cursor/rules/testing.mdc": [
      {
        "type": "Secret Keyword",
        "filename": ".cursor/rules/testing.mdc",
        "hashed_secret": "62cdb7020ff920e5aa642c3d4066950dd1f01f4d",
        "is_verified": false,
        "line_number": 41
      }
    ],
    ".env.example": [
      {
        "type": "Basic Auth Credentials",
        "filename": ".env.example",
        "hashed_secret": "afc848c316af1a89d49826c5ae9d00ed769415f3",
        "is_verified": false,
        "line_number": 21
      }
    ],
    ".github/workflows/nightly_build.yml": [
      {
        "type": "Secret Keyword",
        "filename": ".github/workflows/nightly_build.yml",
        "hashed_secret": "3e26d6750975d678acb8fa35a0f69237881576b0",
        "is_verified": false,
        "line_number": 170
      }
    ],
    ".github/workflows/release.yml": [
      {
        "type": "Secret Keyword",
        "filename": ".github/workflows/release.yml",
        "hashed_secret": "3e26d6750975d678acb8fa35a0f69237881576b0",
        "is_verified": false,
        "line_number": 215
      }
    ],
    ".github/workflows/release_nightly.yml": [
      {
        "type": "Secret Keyword",
        "filename": ".github/workflows/release_nightly.yml",
        "hashed_secret": "3e26d6750975d678acb8fa35a0f69237881576b0",
        "is_verified": false,
        "line_number": 226
      }
    ],
    "deploy/.env.example": [
      {
        "type": "Basic Auth Credentials",
        "filename": "deploy/.env.example",
        "hashed_secret": "e80c4f90316c87b6b24d03890493c8d1c7c1c99d",
        "is_verified": false,
        "line_number": 45
      }
    ],
    "docker/dev.docker-compose.yml": [
      {
        "type": "Secret Keyword",
        "filename": "docker/dev.docker-compose.yml",
        "hashed_secret": "e80c4f90316c87b6b24d03890493c8d1c7c1c99d",
        "is_verified": false,
        "line_number": 36
      }
    ],
    "docker_example/docker-compose.yml": [
      {
        "type": "Secret Keyword",
        "filename": "docker_example/docker-compose.yml",
        "hashed_secret": "e80c4f90316c87b6b24d03890493c8d1c7c1c99d",
        "is_verified": false,
        "line_number": 20
      }
    ],
    "docker_example/pre.docker-compose.yml": [
      {
        "type": "Secret Keyword",
        "filename": "docker_example/pre.docker-compose.yml",
        "hashed_secret": "e80c4f90316c87b6b24d03890493c8d1c7c1c99d",
        "is_verified": false,
        "line_number": 21
      }
    ],
    "docs/docs/API-Reference/api-reference-api-examples.md": [
      {
        "type": "Secret Keyword",
        "filename": "docs/docs/API-Reference/api-reference-api-examples.md",
        "hashed_secret": "ec3810e10fb78db55ce38b9c18d1c3eb1db739e0",
        "is_verified": false,
        "line_number": 86
      },
      {
        "type": "Secret Keyword",
        "filename": "docs/docs/API-Reference/api-reference-api-examples.md",
        "hashed_secret": "44cdfc3615970ada14420caaaa5c5745fca06002",
        "is_verified": false,
        "line_number": 2428
      },
      {
        "type": "Secret Keyword",
        "filename": "docs/docs/API-Reference/api-reference-api-examples.md",
        "hashed_secret": "8f7d56d9f06f8f052a331fedbe14548f0a3305a3",
        "is_verified": false,
        "line_number": 2629
      }
    ],
    "docs/docs/Concepts/embedded-chat-widget.md": [
      {
        "type": "Secret Keyword",
        "filename": "docs/docs/Concepts/embedded-chat-widget.md",
        "hashed_secret": "1e3667aaaaa887721550cf5cc8a0c5c5760810ed",
        "is_verified": false,
        "line_number": 72
      }
    ],
    "docs/docs/Configuration/configuration-custom-database.md": [
      {
        "type": "Basic Auth Credentials",
        "filename": "docs/docs/Configuration/configuration-custom-database.md",
        "hashed_secret": "5baa61e4c9b93f3f0682250b6cf8331b7ee68fd8",
        "is_verified": false,
        "line_number": 18
      },
      {
        "type": "Basic Auth Credentials",
        "filename": "docs/docs/Configuration/configuration-custom-database.md",
        "hashed_secret": "e80c4f90316c87b6b24d03890493c8d1c7c1c99d",
        "is_verified": false,
        "line_number": 68
      }
    ],
    "docs/docs/Configuration/environment-variables.md": [
      {
        "type": "Basic Auth Credentials",
        "filename": "docs/docs/Configuration/environment-variables.md",
        "hashed_secret": "5baa61e4c9b93f3f0682250b6cf8331b7ee68fd8",
        "is_verified": false,
        "line_number": 71
      },
      {
        "type": "Base64 High Entropy String",
        "filename": "docs/docs/Configuration/environment-variables.md",
        "hashed_secret": "dacd53eb505b8486197552a888eef99192ffd390",
        "is_verified": false,
        "line_number": 298
      },
      {
        "type": "Secret Keyword",
        "filename": "docs/docs/Configuration/environment-variables.md",
        "hashed_secret": "5ffe533b830f08a0326348a9160afafc8ada44db",
        "is_verified": false,
        "line_number": 362
      },
      {
        "type": "Secret Keyword",
        "filename": "docs/docs/Configuration/environment-variables.md",
        "hashed_secret": "2d301f84472a0bacb783628ee7badae5566c0b4b",
        "is_verified": false,
        "line_number": 364
      },
      {
        "type": "Secret Keyword",
        "filename": "docs/docs/Configuration/environment-variables.md",
        "hashed_secret": "74913f5cd5f61ec0bcfdb775414c2fb3d161b620",
        "is_verified": false,
        "line_number": 368
      }
    ],
    "docs/docs/Deployment/deployment-kubernetes-dev.md": [
      {
        "type": "Secret Keyword",
        "filename": "docs/docs/Deployment/deployment-kubernetes-dev.md",
        "hashed_secret": "0324bd7e241b5b7c50b91d8a6036f8134bafb078",
        "is_verified": false,
        "line_number": 98
      }
    ],
    "docs/docs/Develop/Clients/typescript-client.md": [
      {
        "type": "Secret Keyword",
        "filename": "docs/docs/Develop/Clients/typescript-client.md",
        "hashed_secret": "159500287c06851df741128ec4b073ea394414b6",
        "is_verified": false,
        "line_number": 60
      }
    ],
    "docs/docs/Develop/memory.md": [
      {
        "type": "Basic Auth Credentials",
        "filename": "docs/docs/Develop/memory.md",
        "hashed_secret": "5baa61e4c9b93f3f0682250b6cf8331b7ee68fd8",
        "is_verified": false,
        "line_number": 63
      }
    ],
    "docs/docs/Integrations/integrations-langfuse.md": [
      {
        "type": "Basic Auth Credentials",
        "filename": "docs/docs/Integrations/integrations-langfuse.md",
        "hashed_secret": "e80c4f90316c87b6b24d03890493c8d1c7c1c99d",
        "is_verified": false,
        "line_number": 102
      }
    ],
    "docs/docs/Integrations/integrations-langsmith.md": [
      {
        "type": "Secret Keyword",
        "filename": "docs/docs/Integrations/integrations-langsmith.md",
        "hashed_secret": "6a0ece37dcf14c4acd0710a1a54bfbdcc7bc55fb",
        "is_verified": false,
        "line_number": 23
      }
    ],
    "docs/docs/Integrations/integrations-langwatch.md": [
      {
        "type": "Secret Keyword",
        "filename": "docs/docs/Integrations/integrations-langwatch.md",
        "hashed_secret": "11fa7c37d697f30e6aee828b4426a10f83ab2380",
        "is_verified": false,
        "line_number": 23
      }
    ],
    "docs/docusaurus.config.js": [
      {
        "type": "Hex High Entropy String",
        "filename": "docs/docusaurus.config.js",
        "hashed_secret": "2dc79dceb6a4e48f38ef47d8dcabbbfaa441218f",
        "is_verified": false,
        "line_number": 384
      },
      {
        "type": "Secret Keyword",
        "filename": "docs/docusaurus.config.js",
        "hashed_secret": "2dc79dceb6a4e48f38ef47d8dcabbbfaa441218f",
        "is_verified": false,
        "line_number": 384
      }
    ],
    "scripts/aws/lib/construct/db.ts": [
      {
        "type": "Secret Keyword",
        "filename": "scripts/aws/lib/construct/db.ts",
        "hashed_secret": "b2f2354186676ab3ecbeeb978199cbffb32eb6f9",
        "is_verified": false,
        "line_number": 25
      }
    ],
    "src/backend/base/langflow/alembic/versions/012fb73ac359_add_folder_table.py": [
      {
        "type": "Hex High Entropy String",
        "filename": "src/backend/base/langflow/alembic/versions/012fb73ac359_add_folder_table.py",
        "hashed_secret": "e56198337433b2a24520b89a1b89d55650bc4b79",
        "is_verified": false,
        "line_number": 17
      }
    ],
    "src/backend/base/langflow/alembic/versions/0ae3a2674f32_update_the_columns_that_need_to_change_.py": [
      {
        "type": "Hex High Entropy String",
        "filename": "src/backend/base/langflow/alembic/versions/0ae3a2674f32_update_the_columns_that_need_to_change_.py",
        "hashed_secret": "7bc83b3d42770da22a102a8c960d12ac8e6c6fe6",
        "is_verified": false,
        "line_number": 19
      }
    ],
    "src/backend/base/langflow/alembic/versions/0d60fcbd4e8e_create_vertex_builds_table.py": [
      {
        "type": "Hex High Entropy String",
        "filename": "src/backend/base/langflow/alembic/versions/0d60fcbd4e8e_create_vertex_builds_table.py",
        "hashed_secret": "28a7b333a264c4f91c72ea7b6000e137b06e0abb",
        "is_verified": false,
        "line_number": 18
      }
    ],
    "src/backend/base/langflow/alembic/versions/1a110b568907_replace_credential_table_with_variable.py": [
      {
        "type": "Hex High Entropy String",
        "filename": "src/backend/base/langflow/alembic/versions/1a110b568907_replace_credential_table_with_variable.py",
        "hashed_secret": "0e7383d6894e28a521e4f12f47fda9268f1cd2e4",
        "is_verified": false,
        "line_number": 17
      }
    ],
    "src/backend/base/langflow/alembic/versions/1b8b740a6fa3_remove_fk_constraint_in_message_.py": [
      {
        "type": "Hex High Entropy String",
        "filename": "src/backend/base/langflow/alembic/versions/1b8b740a6fa3_remove_fk_constraint_in_message_.py",
        "hashed_secret": "7dc2d5ca49ddbde37e4b62670697b3bf968ce6a2",
        "is_verified": false,
        "line_number": 19
      }
    ],
    "src/backend/base/langflow/alembic/versions/1c79524817ed_add_unique_constraints_per_user_in_.py": [
      {
        "type": "Hex High Entropy String",
        "filename": "src/backend/base/langflow/alembic/versions/1c79524817ed_add_unique_constraints_per_user_in_.py",
        "hashed_secret": "2cd99a879ec2567e4b741e7b6f58a2e1e89edb17",
        "is_verified": false,
        "line_number": 16
      }
    ],
    "src/backend/base/langflow/alembic/versions/1d90f8a0efe1_update_description_columns_type.py": [
      {
        "type": "Hex High Entropy String",
        "filename": "src/backend/base/langflow/alembic/versions/1d90f8a0efe1_update_description_columns_type.py",
        "hashed_secret": "38fd2a52ef411b96ff362844e9704a18a8ae3e30",
        "is_verified": false,
        "line_number": 18
      }
    ],
    "src/backend/base/langflow/alembic/versions/1eab2c3eb45e_event_error.py": [
      {
        "type": "Hex High Entropy String",
        "filename": "src/backend/base/langflow/alembic/versions/1eab2c3eb45e_event_error.py",
        "hashed_secret": "0e10bacb2371860c03a1dc6b4c00a9c28abfcdec",
        "is_verified": false,
        "line_number": 16
      }
    ],
    "src/backend/base/langflow/alembic/versions/1ef9c4f3765d_.py": [
      {
        "type": "Hex High Entropy String",
        "filename": "src/backend/base/langflow/alembic/versions/1ef9c4f3765d_.py",
        "hashed_secret": "8cff1de371e27e5606142515cca15a2683174700",
        "is_verified": false,
        "line_number": 20
      }
    ],
    "src/backend/base/langflow/alembic/versions/1f4d6df60295_add_default_fields_column.py": [
      {
        "type": "Hex High Entropy String",
        "filename": "src/backend/base/langflow/alembic/versions/1f4d6df60295_add_default_fields_column.py",
        "hashed_secret": "da267f392eaf38538ba97e1b271b7eba82d13857",
        "is_verified": false,
        "line_number": 16
      }
    ],
    "src/backend/base/langflow/alembic/versions/29fe8f1f806b_add_missing_index.py": [
      {
        "type": "Hex High Entropy String",
        "filename": "src/backend/base/langflow/alembic/versions/29fe8f1f806b_add_missing_index.py",
        "hashed_secret": "28b763f9898b285436ce150ad5a365988d740045",
        "is_verified": false,
        "line_number": 15
      }
    ],
    "src/backend/base/langflow/alembic/versions/2ac71eb9c3ae_adds_credential_table.py": [
      {
        "type": "Hex High Entropy String",
        "filename": "src/backend/base/langflow/alembic/versions/2ac71eb9c3ae_adds_credential_table.py",
        "hashed_secret": "87a982e7fbfe20e388f9ad1e6d73a86f469e982d",
        "is_verified": false,
        "line_number": 17
      }
    ],
    "src/backend/base/langflow/alembic/versions/58b28437a398_modify_nullable.py": [
      {
        "type": "Hex High Entropy String",
        "filename": "src/backend/base/langflow/alembic/versions/58b28437a398_modify_nullable.py",
        "hashed_secret": "156a9d188eaddf456117b22218326324222c6716",
        "is_verified": false,
        "line_number": 21
      }
    ],
    "src/backend/base/langflow/alembic/versions/631faacf5da2_add_webhook_columns.py": [
      {
        "type": "Hex High Entropy String",
        "filename": "src/backend/base/langflow/alembic/versions/631faacf5da2_add_webhook_columns.py",
        "hashed_secret": "5c33b4de5b1db4fd7fd286c572465bd959d77232",
        "is_verified": false,
        "line_number": 16
      }
    ],
    "src/backend/base/langflow/alembic/versions/63b9c451fd30_add_icon_and_icon_bg_color_to_flow.py": [
      {
        "type": "Hex High Entropy String",
        "filename": "src/backend/base/langflow/alembic/versions/63b9c451fd30_add_icon_and_icon_bg_color_to_flow.py",
        "hashed_secret": "8772fa35328d4e8db45ffcb6a43daef8461a78bb",
        "is_verified": false,
        "line_number": 17
      }
    ],
    "src/backend/base/langflow/alembic/versions/66f72f04a1de_add_mcp_support_with_project_settings_.py": [
      {
        "type": "Hex High Entropy String",
        "filename": "src/backend/base/langflow/alembic/versions/66f72f04a1de_add_mcp_support_with_project_settings_.py",
        "hashed_secret": "a89bf934c28e94e1010980f9f1c3553f6588169f",
        "is_verified": false,
        "line_number": 18
      }
    ],
    "src/backend/base/langflow/alembic/versions/7d2162acc8b2_adds_updated_at_and_folder_cols.py": [
      {
        "type": "Hex High Entropy String",
        "filename": "src/backend/base/langflow/alembic/versions/7d2162acc8b2_adds_updated_at_and_folder_cols.py",
        "hashed_secret": "6ca0ea9d38b83b662977a0341596297495d44ba6",
        "is_verified": false,
        "line_number": 17
      }
    ],
    "src/backend/base/langflow/alembic/versions/93e2705fa8d6_add_column_save_path_to_flow.py": [
      {
        "type": "Hex High Entropy String",
        "filename": "src/backend/base/langflow/alembic/versions/93e2705fa8d6_add_column_save_path_to_flow.py",
        "hashed_secret": "90f0f8d291336efffe200380b1d3b6485e97c4ed",
        "is_verified": false,
        "line_number": 18
      }
    ],
    "src/backend/base/langflow/alembic/versions/b2fa308044b5_add_unique_constraints.py": [
      {
        "type": "Hex High Entropy String",
        "filename": "src/backend/base/langflow/alembic/versions/b2fa308044b5_add_unique_constraints.py",
        "hashed_secret": "304de84429cb38a3e39d54672e818f1bfa0cea72",
        "is_verified": false,
        "line_number": 18
      }
    ],
    "src/backend/base/langflow/alembic/versions/bc2f01c40e4a_new_fixes.py": [
      {
        "type": "Hex High Entropy String",
        "filename": "src/backend/base/langflow/alembic/versions/bc2f01c40e4a_new_fixes.py",
        "hashed_secret": "ab81185e2fa7d735e9008a929f5624d07ee35590",
        "is_verified": false,
        "line_number": 18
      }
    ],
    "src/backend/base/langflow/alembic/versions/d066bfd22890_add_message_table.py": [
      {
        "type": "Hex High Entropy String",
        "filename": "src/backend/base/langflow/alembic/versions/d066bfd22890_add_message_table.py",
        "hashed_secret": "bd8d1aff576828548137b5284933c00094bbd608",
        "is_verified": false,
        "line_number": 18
      }
    ],
    "src/backend/base/langflow/alembic/versions/d2d475a1f7c0_add_tags_column_to_flow.py": [
      {
        "type": "Hex High Entropy String",
        "filename": "src/backend/base/langflow/alembic/versions/d2d475a1f7c0_add_tags_column_to_flow.py",
        "hashed_secret": "277fad192ca5323bb92c06fe32a270286463cf29",
        "is_verified": false,
        "line_number": 18
      }
    ],
    "src/backend/base/langflow/alembic/versions/d3dbf656a499_add_gradient_column_in_flow.py": [
      {
        "type": "Hex High Entropy String",
        "filename": "src/backend/base/langflow/alembic/versions/d3dbf656a499_add_gradient_column_in_flow.py",
        "hashed_secret": "31b17a81cbd0842650e47a3c65b68eddb5526205",
        "is_verified": false,
        "line_number": 18
      }
    ],
    "src/backend/base/langflow/alembic/versions/e3162c1804e6_add_persistent_locked_state.py": [
      {
        "type": "Hex High Entropy String",
        "filename": "src/backend/base/langflow/alembic/versions/e3162c1804e6_add_persistent_locked_state.py",
        "hashed_secret": "eceb2ed92b0253127427e9f750970811f876ec06",
        "is_verified": false,
        "line_number": 16
      }
    ],
    "src/backend/base/langflow/alembic/versions/e3bc869fa272_fix_nullable.py": [
      {
        "type": "Hex High Entropy String",
        "filename": "src/backend/base/langflow/alembic/versions/e3bc869fa272_fix_nullable.py",
        "hashed_secret": "fd40bad2b7b22570b0dfce60649d8ce8c181c21a",
        "is_verified": false,
        "line_number": 16
      }
    ],
    "src/backend/base/langflow/alembic/versions/e56d87f8994a_add_optins_column_to_user.py": [
      {
        "type": "Hex High Entropy String",
        "filename": "src/backend/base/langflow/alembic/versions/e56d87f8994a_add_optins_column_to_user.py",
        "hashed_secret": "78544fcecf88ff40d2e14662421e9e5fddee3e04",
        "is_verified": false,
        "line_number": 18
      }
    ],
    "src/backend/base/langflow/alembic/versions/eb5866d51fd2_change_columns_to_be_nullable.py": [
      {
        "type": "Hex High Entropy String",
        "filename": "src/backend/base/langflow/alembic/versions/eb5866d51fd2_change_columns_to_be_nullable.py",
        "hashed_secret": "e9c8b06ec30332b1bde551fb8416eb0b32d2d22e",
        "is_verified": false,
        "line_number": 14
      }
    ],
    "src/backend/base/langflow/alembic/versions/eb5e72293a8e_add_error_and_edit_flags_to_message.py": [
      {
        "type": "Hex High Entropy String",
        "filename": "src/backend/base/langflow/alembic/versions/eb5e72293a8e_add_error_and_edit_flags_to_message.py",
        "hashed_secret": "1a8ccd1199b5c911783d07d3bfe2057cdbaefdde",
        "is_verified": false,
        "line_number": 16
      }
    ],
    "src/backend/base/langflow/alembic/versions/f5ee9749d1a6_user_id_can_be_null_in_flow.py": [
      {
        "type": "Hex High Entropy String",
        "filename": "src/backend/base/langflow/alembic/versions/f5ee9749d1a6_user_id_can_be_null_in_flow.py",
        "hashed_secret": "3f44353e662497d21aecf8790ef88831c9c806bd",
        "is_verified": false,
        "line_number": 15
      }
    ],
    "src/backend/base/langflow/components/composio/googlecalendar_composio.py": [
      {
        "type": "Base64 High Entropy String",
        "filename": "src/backend/base/langflow/components/composio/googlecalendar_composio.py",
        "hashed_secret": "224819290aee395cbbf6b943d692e38a2115d479",
        "is_verified": false,
        "line_number": 31
      },
      {
        "type": "Base64 High Entropy String",
        "filename": "src/backend/base/langflow/components/composio/googlecalendar_composio.py",
        "hashed_secret": "b1132e2965d0465974a2aa2554fb23c31e31c61f",
        "is_verified": false,
        "line_number": 38
      },
      {
        "type": "Base64 High Entropy String",
        "filename": "src/backend/base/langflow/components/composio/googlecalendar_composio.py",
        "hashed_secret": "ed6a260c611f8dfa5292fe03911f265c671f7ba8",
        "is_verified": false,
        "line_number": 124
      },
      {
        "type": "Base64 High Entropy String",
        "filename": "src/backend/base/langflow/components/composio/googlecalendar_composio.py",
        "hashed_secret": "cb770d8681e319de0c900d84ff81e4ae7326ce9e",
        "is_verified": false,
        "line_number": 125
      }
    ],
    "src/backend/base/langflow/components/languagemodels/openrouter.py": [
      {
        "type": "Secret Keyword",
        "filename": "src/backend/base/langflow/components/languagemodels/openrouter.py",
        "hashed_secret": "f36e208b871e6891e1d755cd789c089747a28f71",
        "is_verified": false,
        "line_number": 114
      }
    ],
    "src/backend/base/langflow/components/memories/mem0_chat_memory.py": [
      {
        "type": "Secret Keyword",
        "filename": "src/backend/base/langflow/components/memories/mem0_chat_memory.py",
        "hashed_secret": "45d676e7c6ab44cf4b8fa366ef2d8fccd3e6d6e6",
        "is_verified": false,
        "line_number": 35
      }
    ],
    "src/backend/base/langflow/components/vectorstores/mongodb_atlas.py": [
      {
        "type": "Private Key",
        "filename": "src/backend/base/langflow/components/vectorstores/mongodb_atlas.py",
        "hashed_secret": "1348b145fa1a555461c1b790a2f66614781091e9",
        "is_verified": false,
        "line_number": 31
      }
    ],
    "src/backend/base/langflow/inputs/input_mixin.py": [
      {
        "type": "Secret Keyword",
        "filename": "src/backend/base/langflow/inputs/input_mixin.py",
        "hashed_secret": "3442496b96dd01591a8cd44b1eec1368ab728aba",
        "is_verified": false,
        "line_number": 22
      }
    ],
    "src/backend/base/langflow/schema/table.py": [
      {
        "type": "Secret Keyword",
        "filename": "src/backend/base/langflow/schema/table.py",
        "hashed_secret": "5baa61e4c9b93f3f0682250b6cf8331b7ee68fd8",
        "is_verified": false,
        "line_number": 112
      }
    ],
    "src/backend/base/langflow/services/auth/utils.py": [
      {
        "type": "Secret Keyword",
        "filename": "src/backend/base/langflow/services/auth/utils.py",
        "hashed_secret": "b894b81be94cf8fa8d7536475aaec876addf05c8",
        "is_verified": false,
        "line_number": 28
      }
    ],
    "src/backend/base/langflow/services/settings/constants.py": [
      {
        "type": "Secret Keyword",
        "filename": "src/backend/base/langflow/services/settings/constants.py",
        "hashed_secret": "e80c4f90316c87b6b24d03890493c8d1c7c1c99d",
        "is_verified": false,
        "line_number": 2
      }
    ],
    "src/backend/tests/conftest.py": [
      {
        "type": "Secret Keyword",
        "filename": "src/backend/tests/conftest.py",
        "hashed_secret": "8bb6118f8fd6935ad0876a3be34a717d32708ffd",
        "is_verified": false,
        "line_number": 427
      },
      {
        "type": "Secret Keyword",
        "filename": "src/backend/tests/conftest.py",
        "hashed_secret": "61fbb5a12cd7b1f1fe1624120089efc0cd299e43",
        "is_verified": false,
        "line_number": 639
      }
    ],
    "src/backend/tests/data/vector_store_grouped.json": [
      {
        "type": "Base64 High Entropy String",
        "filename": "src/backend/tests/data/vector_store_grouped.json",
        "hashed_secret": "235edeaf33250eafce9270c364af8a7fcbb9b110",
        "is_verified": false,
        "line_number": 1
      },
      {
        "type": "Base64 High Entropy String",
        "filename": "src/backend/tests/data/vector_store_grouped.json",
        "hashed_secret": "99dd7eb59ef1cd6c5a11e6c737bda80db54612a2",
        "is_verified": false,
        "line_number": 1
      },
      {
        "type": "Base64 High Entropy String",
        "filename": "src/backend/tests/data/vector_store_grouped.json",
        "hashed_secret": "a6865946da108064ab17a0cf4518c151a006b810",
        "is_verified": false,
        "line_number": 1
      }
    ],
    "src/backend/tests/unit/api/v1/test_api_key.py": [
      {
        "type": "Secret Keyword",
        "filename": "src/backend/tests/unit/api/v1/test_api_key.py",
        "hashed_secret": "ecb252044b5ea0f679ee78ec1a12904739e2904d",
        "is_verified": false,
        "line_number": 21
      }
    ],
    "src/backend/tests/unit/api/v1/test_files.py": [
      {
        "type": "Secret Keyword",
        "filename": "src/backend/tests/unit/api/v1/test_files.py",
        "hashed_secret": "61fbb5a12cd7b1f1fe1624120089efc0cd299e43",
        "is_verified": false,
        "line_number": 33
      }
    ],
    "src/backend/tests/unit/api/v1/test_users.py": [
      {
        "type": "Secret Keyword",
        "filename": "src/backend/tests/unit/api/v1/test_users.py",
        "hashed_secret": "ecb252044b5ea0f679ee78ec1a12904739e2904d",
        "is_verified": false,
        "line_number": 6
      },
      {
        "type": "Secret Keyword",
        "filename": "src/backend/tests/unit/api/v1/test_users.py",
        "hashed_secret": "f054ffc85b4c1615a7190ea0b248564bb1e9f9ab",
        "is_verified": false,
        "line_number": 73
      }
    ],
    "src/backend/tests/unit/api/v2/test_files.py": [
      {
        "type": "Secret Keyword",
        "filename": "src/backend/tests/unit/api/v2/test_files.py",
        "hashed_secret": "61fbb5a12cd7b1f1fe1624120089efc0cd299e43",
        "is_verified": false,
        "line_number": 29
      }
    ],
    "src/backend/tests/unit/base/load/test_load.py": [
      {
        "type": "Secret Keyword",
        "filename": "src/backend/tests/unit/base/load/test_load.py",
        "hashed_secret": "7aa10ce5d31e8d4bc6f0b5cf997173ff307e9172",
        "is_verified": false,
        "line_number": 48
      }
    ],
    "src/backend/tests/unit/components/bundles/composio/test_base.py": [
      {
        "type": "Secret Keyword",
        "filename": "src/backend/tests/unit/components/bundles/composio/test_base.py",
        "hashed_secret": "00942f4668670f34c5943cf52c7ef3139fe2b8d6",
        "is_verified": false,
        "line_number": 61
      }
    ],
    "src/backend/tests/unit/components/bundles/composio/test_github.py": [
      {
        "type": "Secret Keyword",
        "filename": "src/backend/tests/unit/components/bundles/composio/test_github.py",
        "hashed_secret": "00942f4668670f34c5943cf52c7ef3139fe2b8d6",
        "is_verified": false,
        "line_number": 65
      }
    ],
    "src/backend/tests/unit/components/bundles/composio/test_gmail.py": [
      {
        "type": "Secret Keyword",
        "filename": "src/backend/tests/unit/components/bundles/composio/test_gmail.py",
        "hashed_secret": "00942f4668670f34c5943cf52c7ef3139fe2b8d6",
        "is_verified": false,
        "line_number": 68
      }
    ],
    "src/backend/tests/unit/components/bundles/composio/test_googlecalendar.py": [
      {
        "type": "Secret Keyword",
        "filename": "src/backend/tests/unit/components/bundles/composio/test_googlecalendar.py",
        "hashed_secret": "00942f4668670f34c5943cf52c7ef3139fe2b8d6",
        "is_verified": false,
        "line_number": 57
      }
    ],
    "src/backend/tests/unit/components/bundles/composio/test_outlook.py": [
      {
        "type": "Secret Keyword",
        "filename": "src/backend/tests/unit/components/bundles/composio/test_outlook.py",
        "hashed_secret": "00942f4668670f34c5943cf52c7ef3139fe2b8d6",
        "is_verified": false,
        "line_number": 57
      }
    ],
    "src/backend/tests/unit/components/bundles/composio/test_slack.py": [
      {
        "type": "Secret Keyword",
        "filename": "src/backend/tests/unit/components/bundles/composio/test_slack.py",
        "hashed_secret": "00942f4668670f34c5943cf52c7ef3139fe2b8d6",
        "is_verified": false,
        "line_number": 59
      }
    ],
    "src/backend/tests/unit/components/bundles/google/test_google_bq_sql_executor_component.py": [
      {
        "type": "Private Key",
        "filename": "src/backend/tests/unit/components/bundles/google/test_google_bq_sql_executor_component.py",
        "hashed_secret": "1348b145fa1a555461c1b790a2f66614781091e9",
        "is_verified": false,
        "line_number": 31
      }
    ],
    "src/backend/tests/unit/components/languagemodels/test_deepseek.py": [
      {
        "type": "Secret Keyword",
        "filename": "src/backend/tests/unit/components/languagemodels/test_deepseek.py",
        "hashed_secret": "3acfb2c2b433c0ea7ff107e33df91b18e52f960f",
        "is_verified": false,
        "line_number": 60
      },
      {
        "type": "Secret Keyword",
        "filename": "src/backend/tests/unit/components/languagemodels/test_deepseek.py",
        "hashed_secret": "3bee216ebc256d692260fc3adc765050508fef5e",
        "is_verified": false,
        "line_number": 106
      }
    ],
    "src/backend/tests/unit/components/languagemodels/test_xai.py": [
      {
        "type": "Secret Keyword",
        "filename": "src/backend/tests/unit/components/languagemodels/test_xai.py",
        "hashed_secret": "9139236dfe89960fee34d53b6089795fe376682e",
        "is_verified": false,
        "line_number": 30
      },
      {
        "type": "Secret Keyword",
        "filename": "src/backend/tests/unit/components/languagemodels/test_xai.py",
        "hashed_secret": "3acfb2c2b433c0ea7ff107e33df91b18e52f960f",
        "is_verified": false,
        "line_number": 98
      },
      {
        "type": "Secret Keyword",
        "filename": "src/backend/tests/unit/components/languagemodels/test_xai.py",
        "hashed_secret": "3bee216ebc256d692260fc3adc765050508fef5e",
        "is_verified": false,
        "line_number": 150
      }
    ],
    "src/backend/tests/unit/components/models/test_embedding_model_component.py": [
      {
        "type": "Secret Keyword",
        "filename": "src/backend/tests/unit/components/models/test_embedding_model_component.py",
        "hashed_secret": "2e7a7ee14caebf378fc32d6cf6f557f347c96773",
        "is_verified": false,
        "line_number": 21
      },
      {
        "type": "Secret Keyword",
        "filename": "src/backend/tests/unit/components/models/test_embedding_model_component.py",
        "hashed_secret": "3acfb2c2b433c0ea7ff107e33df91b18e52f960f",
        "is_verified": false,
        "line_number": 54
      }
    ],
    "src/backend/tests/unit/components/models/test_language_model_component.py": [
      {
        "type": "Secret Keyword",
        "filename": "src/backend/tests/unit/components/models/test_language_model_component.py",
        "hashed_secret": "2e7a7ee14caebf378fc32d6cf6f557f347c96773",
        "is_verified": false,
        "line_number": 22
      },
      {
        "type": "Secret Keyword",
        "filename": "src/backend/tests/unit/components/models/test_language_model_component.py",
        "hashed_secret": "3acfb2c2b433c0ea7ff107e33df91b18e52f960f",
        "is_verified": false,
        "line_number": 65
      }
    ],
    "src/backend/tests/unit/components/search/test_google_search_api.py": [
      {
        "type": "Secret Keyword",
        "filename": "src/backend/tests/unit/components/search/test_google_search_api.py",
        "hashed_secret": "767ef7376d44bb6e52b390ddcd12c1cb1b3902a4",
        "is_verified": false,
        "line_number": 19
      }
    ],
    "src/backend/tests/unit/components/search/test_google_serper_api_core.py": [
      {
        "type": "Secret Keyword",
        "filename": "src/backend/tests/unit/components/search/test_google_serper_api_core.py",
        "hashed_secret": "767ef7376d44bb6e52b390ddcd12c1cb1b3902a4",
        "is_verified": false,
        "line_number": 52
      }
    ],
    "src/backend/tests/unit/components/tools/test_serp_api.py": [
      {
        "type": "Secret Keyword",
        "filename": "src/backend/tests/unit/components/tools/test_serp_api.py",
        "hashed_secret": "3acfb2c2b433c0ea7ff107e33df91b18e52f960f",
        "is_verified": false,
        "line_number": 40
      }
    ],
    "src/backend/tests/unit/graph/graph/test_graph_state_model.py": [
      {
        "type": "Secret Keyword",
        "filename": "src/backend/tests/unit/graph/graph/test_graph_state_model.py",
        "hashed_secret": "767ef7376d44bb6e52b390ddcd12c1cb1b3902a4",
        "is_verified": false,
        "line_number": 36
      }
    ],
    "src/backend/tests/unit/initial_setup/starter_projects/test_memory_chatbot.py": [
      {
        "type": "Secret Keyword",
        "filename": "src/backend/tests/unit/initial_setup/starter_projects/test_memory_chatbot.py",
        "hashed_secret": "767ef7376d44bb6e52b390ddcd12c1cb1b3902a4",
        "is_verified": false,
        "line_number": 38
      }
    ],
    "src/backend/tests/unit/initial_setup/starter_projects/test_vector_store_rag.py": [
      {
        "type": "Secret Keyword",
        "filename": "src/backend/tests/unit/initial_setup/starter_projects/test_vector_store_rag.py",
        "hashed_secret": "fb0123cbab73d8a58896fbe39b8b7b5b6df15c5e",
        "is_verified": false,
        "line_number": 30
      }
    ],
    "src/backend/tests/unit/services/tracing/test_tracing_service.py": [
      {
        "type": "Secret Keyword",
        "filename": "src/backend/tests/unit/services/tracing/test_tracing_service.py",
        "hashed_secret": "1230f71eec8a61a625a18b6fa03b9bdd046a8931",
        "is_verified": false,
        "line_number": 349
      },
      {
        "type": "Secret Keyword",
        "filename": "src/backend/tests/unit/services/tracing/test_tracing_service.py",
        "hashed_secret": "2d63069839e1cab99da0a0bbbbeb8f2ceb455cc8",
        "is_verified": false,
        "line_number": 350
      },
      {
        "type": "Secret Keyword",
        "filename": "src/backend/tests/unit/services/tracing/test_tracing_service.py",
        "hashed_secret": "3b96880b8e11758bbf9796b9cd90aaa3ab4bab6e",
        "is_verified": false,
        "line_number": 351
      }
    ],
    "src/backend/tests/unit/services/variable/test_service.py": [
      {
        "type": "Secret Keyword",
        "filename": "src/backend/tests/unit/services/variable/test_service.py",
        "hashed_secret": "30abc0a833efea23496b4d226fffa2f90c0855c0",
        "is_verified": false,
        "line_number": 39
      }
    ],
    "src/backend/tests/unit/test_api_key.py": [
      {
        "type": "Secret Keyword",
        "filename": "src/backend/tests/unit/test_api_key.py",
        "hashed_secret": "2e7a7ee14caebf378fc32d6cf6f557f347c96773",
        "is_verified": false,
        "line_number": 32
      }
    ],
    "src/backend/tests/unit/test_initial_setup.py": [
      {
        "type": "Base64 High Entropy String",
        "filename": "src/backend/tests/unit/test_initial_setup.py",
        "hashed_secret": "97665ff5eecf8fe96f0462b2d08ed2a2270b4277",
        "is_verified": false,
        "line_number": 245
      }
    ],
    "src/backend/tests/unit/test_login.py": [
      {
        "type": "Secret Keyword",
        "filename": "src/backend/tests/unit/test_login.py",
        "hashed_secret": "8bb6118f8fd6935ad0876a3be34a717d32708ffd",
        "is_verified": false,
        "line_number": 27
      },
      {
        "type": "Secret Keyword",
        "filename": "src/backend/tests/unit/test_login.py",
        "hashed_secret": "d8ecf7db8fc9ec9c31bc5c9ae2929cc599c75f8d",
        "is_verified": false,
        "line_number": 43
      }
    ],
    "src/backend/tests/unit/test_setup_superuser.py": [
      {
        "type": "Secret Keyword",
        "filename": "src/backend/tests/unit/test_setup_superuser.py",
        "hashed_secret": "5baa61e4c9b93f3f0682250b6cf8331b7ee68fd8",
        "is_verified": false,
        "line_number": 56
      }
    ],
    "src/backend/tests/unit/test_user.py": [
      {
        "type": "Secret Keyword",
        "filename": "src/backend/tests/unit/test_user.py",
        "hashed_secret": "8bb6118f8fd6935ad0876a3be34a717d32708ffd",
        "is_verified": false,
        "line_number": 61
      },
      {
        "type": "Secret Keyword",
        "filename": "src/backend/tests/unit/test_user.py",
        "hashed_secret": "f2c57870308dc87f432e5912d4de6f8e322721ba",
        "is_verified": false,
        "line_number": 199
      }
    ],
    "src/backend/tests/unit/utils/test_util_strings.py": [
      {
        "type": "Basic Auth Credentials",
        "filename": "src/backend/tests/unit/utils/test_util_strings.py",
        "hashed_secret": "9d4e1e23bd5b727046a9e3b4b7db57bd8d6ee684",
        "is_verified": false,
        "line_number": 12
      },
      {
        "type": "Basic Auth Credentials",
        "filename": "src/backend/tests/unit/utils/test_util_strings.py",
        "hashed_secret": "46e3d772a1888eadff26c7ada47fd7502d796e07",
        "is_verified": false,
        "line_number": 13
      },
      {
        "type": "Basic Auth Credentials",
        "filename": "src/backend/tests/unit/utils/test_util_strings.py",
        "hashed_secret": "9d8804827132a6fbf7674cffc775fd948ecc0649",
        "is_verified": false,
        "line_number": 14
      }
    ],
    "src/frontend/src/components/core/parameterRenderComponent/components/queryComponent/index.tsx": [
      {
        "type": "Secret Keyword",
        "filename": "src/frontend/src/components/core/parameterRenderComponent/components/queryComponent/index.tsx",
        "hashed_secret": "5baa61e4c9b93f3f0682250b6cf8331b7ee68fd8",
        "is_verified": false,
        "line_number": 18
      }
    ],
    "src/frontend/src/components/core/parameterRenderComponent/components/textAreaComponent/index.tsx": [
      {
        "type": "Secret Keyword",
        "filename": "src/frontend/src/components/core/parameterRenderComponent/components/textAreaComponent/index.tsx",
        "hashed_secret": "5baa61e4c9b93f3f0682250b6cf8331b7ee68fd8",
        "is_verified": false,
        "line_number": 20
      }
    ],
    "src/frontend/src/constants/alerts_constants.tsx": [
      {
        "type": "Secret Keyword",
        "filename": "src/frontend/src/constants/alerts_constants.tsx",
        "hashed_secret": "d2c98a3ccd3706c8e941300f1ac53c8ae293b69e",
        "is_verified": false,
        "line_number": 33
      },
      {
        "type": "Secret Keyword",
        "filename": "src/frontend/src/constants/alerts_constants.tsx",
        "hashed_secret": "d69c3b1ac54be7da3666d9937b9c78e7c309d6e8",
        "is_verified": false,
        "line_number": 34
      },
      {
        "type": "Secret Keyword",
        "filename": "src/frontend/src/constants/alerts_constants.tsx",
        "hashed_secret": "af58392e77ee336caf0d1aad15057ad0745985e5",
        "is_verified": false,
        "line_number": 39
      }
    ],
    "src/frontend/src/constants/constants.ts": [
      {
        "type": "Secret Keyword",
        "filename": "src/frontend/src/constants/constants.ts",
        "hashed_secret": "19a2fbd0dd38b4097f419c962342ef5e109eab07",
        "is_verified": false,
        "line_number": 734
      },
      {
        "type": "Secret Keyword",
        "filename": "src/frontend/src/constants/constants.ts",
        "hashed_secret": "3806954324550e26ef5de85d007f1746825a073c",
        "is_verified": false,
        "line_number": 735
      },
      {
        "type": "Secret Keyword",
        "filename": "src/frontend/src/constants/constants.ts",
        "hashed_secret": "c04f8fbf55c9096907a982750b1c6b0e4c1dd658",
        "is_verified": false,
        "line_number": 1029
      }
    ],
    "src/frontend/src/controllers/API/helpers/constants.ts": [
      {
        "type": "Secret Keyword",
        "filename": "src/frontend/src/controllers/API/helpers/constants.ts",
        "hashed_secret": "665b1e3851eefefa3fb878654292f16597d25155",
        "is_verified": false,
        "line_number": 5
      }
    ],
    "src/frontend/src/icons/Azure/Azure.jsx": [
      {
        "type": "Hex High Entropy String",
        "filename": "src/frontend/src/icons/Azure/Azure.jsx",
        "hashed_secret": "f14881dba07b6ef7d83c718786c690f15f15d094",
        "is_verified": false,
        "line_number": 12
      },
      {
        "type": "Hex High Entropy String",
        "filename": "src/frontend/src/icons/Azure/Azure.jsx",
        "hashed_secret": "9685da6e6f46496dbb7f7b7c342e32545b98546f",
        "is_verified": false,
        "line_number": 18
      }
    ],
    "src/frontend/src/icons/Postgres/Postgres.jsx": [
      {
        "type": "Hex High Entropy String",
        "filename": "src/frontend/src/icons/Postgres/Postgres.jsx",
        "hashed_secret": "7d4828001532cf24b2f4a5a09ff614478a8f4df3",
        "is_verified": false,
        "line_number": 17
      },
      {
        "type": "Hex High Entropy String",
        "filename": "src/frontend/src/icons/Postgres/Postgres.jsx",
        "hashed_secret": "2b2285b2c97ee645977dc1757299e0df2ec266ec",
        "is_verified": false,
        "line_number": 34
      }
    ],
    "src/frontend/src/icons/VectaraIcon/Vectara.jsx": [
      {
        "type": "Hex High Entropy String",
        "filename": "src/frontend/src/icons/VectaraIcon/Vectara.jsx",
        "hashed_secret": "ad12133e37f762cfdb830ad4a69d3aa2439a8d49",
        "is_verified": false,
        "line_number": 25
      }
    ],
    "src/frontend/src/modals/IOModal/components/chatView/chatInput/components/voice-assistant/voice-assistant.tsx": [
      {
        "type": "Secret Keyword",
        "filename": "src/frontend/src/modals/IOModal/components/chatView/chatInput/components/voice-assistant/voice-assistant.tsx",
        "hashed_secret": "02ecb94373bfb3dfe827ca18409f50b016e8302a",
        "is_verified": false,
        "line_number": 312
      },
      {
        "type": "Secret Keyword",
        "filename": "src/frontend/src/modals/IOModal/components/chatView/chatInput/components/voice-assistant/voice-assistant.tsx",
        "hashed_secret": "1b447eca6f69c26354668f050d0c2cc893605aa5",
        "is_verified": false,
        "line_number": 314
      }
    ],
    "src/frontend/tests/assets/group_test_iadevs.json": [
      {
        "type": "Base64 High Entropy String",
        "filename": "src/frontend/tests/assets/group_test_iadevs.json",
        "hashed_secret": "eb45f77314f672a9905ecd7f6ed1735861223a22",
        "is_verified": false,
        "line_number": 94
      }
    ],
    "src/frontend/tests/core/features/user-flow-state-cleanup.spec.ts": [
      {
        "type": "Secret Keyword",
        "filename": "src/frontend/tests/core/features/user-flow-state-cleanup.spec.ts",
        "hashed_secret": "66904568acfa1e59b8b072cbe602e0ba3688019c",
        "is_verified": false,
        "line_number": 36
      }
    ]
  },
  "generated_at": "2025-06-20T19:09:30Z"
}
